
Discarded input sections

 .group         0x00000000        0xc ./source/mcal/SysTick.o
 .group         0x00000000        0xc ./source/mcal/SysTick.o
 .group         0x00000000        0xc ./source/mcal/SysTick.o
 .group         0x00000000        0xc ./source/mcal/SysTick.o
 .group         0x00000000        0xc ./source/mcal/SysTick.o
 .group         0x00000000        0xc ./source/mcal/SysTick.o
 .group         0x00000000        0xc ./source/mcal/SysTick.o
 .group         0x00000000        0xc ./source/mcal/SysTick.o
 .group         0x00000000        0xc ./source/mcal/SysTick.o
 .group         0x00000000        0xc ./source/mcal/SysTick.o
 .group         0x00000000        0xc ./source/mcal/SysTick.o
 .group         0x00000000        0xc ./source/mcal/SysTick.o
 .group         0x00000000        0xc ./source/mcal/SysTick.o
 .group         0x00000000        0xc ./source/mcal/SysTick.o
 .text          0x00000000        0x0 ./source/mcal/SysTick.o
 .data          0x00000000        0x0 ./source/mcal/SysTick.o
 .bss           0x00000000        0x0 ./source/mcal/SysTick.o
 .group         0x00000000        0xc ./source/mcal/gpio.o
 .group         0x00000000        0xc ./source/mcal/gpio.o
 .group         0x00000000        0xc ./source/mcal/gpio.o
 .group         0x00000000        0xc ./source/mcal/gpio.o
 .group         0x00000000        0xc ./source/mcal/gpio.o
 .group         0x00000000        0xc ./source/mcal/gpio.o
 .group         0x00000000        0xc ./source/mcal/gpio.o
 .group         0x00000000        0xc ./source/mcal/gpio.o
 .group         0x00000000        0xc ./source/mcal/gpio.o
 .group         0x00000000        0xc ./source/mcal/gpio.o
 .group         0x00000000        0xc ./source/mcal/gpio.o
 .group         0x00000000        0xc ./source/mcal/gpio.o
 .group         0x00000000        0xc ./source/mcal/gpio.o
 .group         0x00000000        0xc ./source/mcal/gpio.o
 .text          0x00000000        0x0 ./source/mcal/gpio.o
 .data          0x00000000        0x0 ./source/mcal/gpio.o
 .bss           0x00000000        0x0 ./source/mcal/gpio.o
 .text.gpioToggle
                0x00000000       0x3c ./source/mcal/gpio.o
 .text.risingEdgeIRQC
                0x00000000       0x68 ./source/mcal/gpio.o
 .debug_macro   0x00000000      0xad8 ./source/mcal/gpio.o
 .debug_macro   0x00000000      0x34e ./source/mcal/gpio.o
 .debug_macro   0x00000000       0x22 ./source/mcal/gpio.o
 .debug_macro   0x00000000       0x10 ./source/mcal/gpio.o
 .debug_macro   0x00000000       0x5c ./source/mcal/gpio.o
 .debug_macro   0x00000000       0x1c ./source/mcal/gpio.o
 .debug_macro   0x00000000       0x22 ./source/mcal/gpio.o
 .debug_macro   0x00000000       0xd9 ./source/mcal/gpio.o
 .debug_macro   0x00000000      0xecf ./source/mcal/gpio.o
 .debug_macro   0x00000000       0x48 ./source/mcal/gpio.o
 .debug_macro   0x00000000     0xe07b ./source/mcal/gpio.o
 .debug_macro   0x00000000     0x122b ./source/mcal/gpio.o
 .debug_macro   0x00000000       0x16 ./source/mcal/gpio.o
 .group         0x00000000        0xc ./source/hal/IRQN_Ports.o
 .group         0x00000000        0xc ./source/hal/IRQN_Ports.o
 .group         0x00000000        0xc ./source/hal/IRQN_Ports.o
 .group         0x00000000        0xc ./source/hal/IRQN_Ports.o
 .group         0x00000000        0xc ./source/hal/IRQN_Ports.o
 .group         0x00000000        0xc ./source/hal/IRQN_Ports.o
 .group         0x00000000        0xc ./source/hal/IRQN_Ports.o
 .group         0x00000000        0xc ./source/hal/IRQN_Ports.o
 .group         0x00000000        0xc ./source/hal/IRQN_Ports.o
 .group         0x00000000        0xc ./source/hal/IRQN_Ports.o
 .group         0x00000000        0xc ./source/hal/IRQN_Ports.o
 .group         0x00000000        0xc ./source/hal/IRQN_Ports.o
 .group         0x00000000        0xc ./source/hal/IRQN_Ports.o
 .group         0x00000000        0xc ./source/hal/IRQN_Ports.o
 .text          0x00000000        0x0 ./source/hal/IRQN_Ports.o
 .data          0x00000000        0x0 ./source/hal/IRQN_Ports.o
 .bss           0x00000000        0x0 ./source/hal/IRQN_Ports.o
 .debug_macro   0x00000000      0xad8 ./source/hal/IRQN_Ports.o
 .debug_macro   0x00000000      0x34e ./source/hal/IRQN_Ports.o
 .debug_macro   0x00000000       0x22 ./source/hal/IRQN_Ports.o
 .debug_macro   0x00000000       0x3a ./source/hal/IRQN_Ports.o
 .debug_macro   0x00000000       0x10 ./source/hal/IRQN_Ports.o
 .debug_macro   0x00000000       0x5c ./source/hal/IRQN_Ports.o
 .debug_macro   0x00000000       0x1c ./source/hal/IRQN_Ports.o
 .debug_macro   0x00000000       0x22 ./source/hal/IRQN_Ports.o
 .debug_macro   0x00000000       0xd9 ./source/hal/IRQN_Ports.o
 .debug_macro   0x00000000      0xecf ./source/hal/IRQN_Ports.o
 .debug_macro   0x00000000       0x48 ./source/hal/IRQN_Ports.o
 .debug_macro   0x00000000     0xe07b ./source/hal/IRQN_Ports.o
 .debug_macro   0x00000000     0x122b ./source/hal/IRQN_Ports.o
 .debug_macro   0x00000000       0x16 ./source/hal/IRQN_Ports.o
 .group         0x00000000        0xc ./source/hal/card.o
 .group         0x00000000        0xc ./source/hal/card.o
 .group         0x00000000        0xc ./source/hal/card.o
 .group         0x00000000        0xc ./source/hal/card.o
 .group         0x00000000        0xc ./source/hal/card.o
 .group         0x00000000        0xc ./source/hal/card.o
 .group         0x00000000        0xc ./source/hal/card.o
 .group         0x00000000        0xc ./source/hal/card.o
 .group         0x00000000        0xc ./source/hal/card.o
 .group         0x00000000        0xc ./source/hal/card.o
 .group         0x00000000        0xc ./source/hal/card.o
 .group         0x00000000        0xc ./source/hal/card.o
 .group         0x00000000        0xc ./source/hal/card.o
 .group         0x00000000        0xc ./source/hal/card.o
 .group         0x00000000        0xc ./source/hal/card.o
 .group         0x00000000        0xc ./source/hal/card.o
 .group         0x00000000        0xc ./source/hal/card.o
 .group         0x00000000        0xc ./source/hal/card.o
 .group         0x00000000        0xc ./source/hal/card.o
 .group         0x00000000        0xc ./source/hal/card.o
 .group         0x00000000        0xc ./source/hal/card.o
 .group         0x00000000        0xc ./source/hal/card.o
 .group         0x00000000        0xc ./source/hal/card.o
 .group         0x00000000        0xc ./source/hal/card.o
 .group         0x00000000        0xc ./source/hal/card.o
 .group         0x00000000        0xc ./source/hal/card.o
 .group         0x00000000        0xc ./source/hal/card.o
 .group         0x00000000        0xc ./source/hal/card.o
 .group         0x00000000        0xc ./source/hal/card.o
 .group         0x00000000        0xc ./source/hal/card.o
 .group         0x00000000        0xc ./source/hal/card.o
 .group         0x00000000        0xc ./source/hal/card.o
 .group         0x00000000        0xc ./source/hal/card.o
 .text          0x00000000        0x0 ./source/hal/card.o
 .data          0x00000000        0x0 ./source/hal/card.o
 .bss           0x00000000        0x0 ./source/hal/card.o
 .bss.debugCounter
                0x00000000        0x4 ./source/hal/card.o
 .bss.myString  0x00000000      0x1f4 ./source/hal/card.o
 .bss.cardDataReady
                0x00000000        0x1 ./source/hal/card.o
 .text.checkTimeout
                0x00000000       0x70 ./source/hal/card.o
 .debug_macro   0x00000000      0xad8 ./source/hal/card.o
 .debug_macro   0x00000000       0x22 ./source/hal/card.o
 .debug_macro   0x00000000      0x34e ./source/hal/card.o
 .debug_macro   0x00000000       0x10 ./source/hal/card.o
 .debug_macro   0x00000000       0x5c ./source/hal/card.o
 .debug_macro   0x00000000       0x1c ./source/hal/card.o
 .debug_macro   0x00000000       0x22 ./source/hal/card.o
 .debug_macro   0x00000000       0xd9 ./source/hal/card.o
 .debug_macro   0x00000000      0xecf ./source/hal/card.o
 .debug_macro   0x00000000       0x48 ./source/hal/card.o
 .debug_macro   0x00000000     0xe07b ./source/hal/card.o
 .debug_macro   0x00000000     0x122b ./source/hal/card.o
 .debug_macro   0x00000000       0x16 ./source/hal/card.o
 .group         0x00000000        0xc ./source/hal/display.o
 .group         0x00000000        0xc ./source/hal/display.o
 .group         0x00000000        0xc ./source/hal/display.o
 .group         0x00000000        0xc ./source/hal/display.o
 .text          0x00000000        0x0 ./source/hal/display.o
 .data          0x00000000        0x0 ./source/hal/display.o
 .bss           0x00000000        0x0 ./source/hal/display.o
 .bss.digits    0x00000000        0x4 ./source/hal/display.o
 .bss.displayString
                0x00000000       0x34 ./source/hal/display.o
 .bss.displayStringLen
                0x00000000        0x1 ./source/hal/display.o
 .data.dutyPercentage
                0x00000000        0x1 ./source/hal/display.o
 .bss.digitBlink
                0x00000000        0x4 ./source/hal/display.o
 .text.initDisplay
                0x00000000       0x28 ./source/hal/display.o
 .text.getDutyPercentage
                0x00000000       0x18 ./source/hal/display.o
 .text.setDutyPercentage
                0x00000000       0x2c ./source/hal/display.o
 .text.writeSegments
                0x00000000       0x34 ./source/hal/display.o
 .data.char2segments
                0x00000000       0x5b ./source/hal/display.o
 .text.writeCharacter
                0x00000000       0x3c ./source/hal/display.o
 .text.writeString
                0x00000000       0xa0 ./source/hal/display.o
 .text.cleanDisplay
                0x00000000       0x48 ./source/hal/display.o
 .rodata.segments2char
                0x00000000      0x100 ./source/hal/display.o
 .text.updateDisplay
                0x00000000       0xa0 ./source/hal/display.o
 .text.updateDisplayRegisters
                0x00000000       0x56 ./source/hal/display.o
 .text.updateSlideAndBlink
                0x00000000      0x134 ./source/hal/display.o
 .bss.currentDigit.3
                0x00000000        0x1 ./source/hal/display.o
 .bss.duty.2    0x00000000        0x4 ./source/hal/display.o
 .bss.blinkBuf.1
                0x00000000        0x4 ./source/hal/display.o
 .bss.slideIdx.0
                0x00000000        0x1 ./source/hal/display.o
 .debug_info    0x00000000      0x490 ./source/hal/display.o
 .debug_abbrev  0x00000000      0x1e6 ./source/hal/display.o
 .debug_aranges
                0x00000000       0x68 ./source/hal/display.o
 .debug_ranges  0x00000000       0x58 ./source/hal/display.o
 .debug_macro   0x00000000       0x80 ./source/hal/display.o
 .debug_macro   0x00000000      0xad8 ./source/hal/display.o
 .debug_macro   0x00000000       0x22 ./source/hal/display.o
 .debug_macro   0x00000000      0x34e ./source/hal/display.o
 .debug_macro   0x00000000       0x16 ./source/hal/display.o
 .debug_line    0x00000000      0x3bc ./source/hal/display.o
 .debug_str     0x00000000     0x3c70 ./source/hal/display.o
 .comment       0x00000000       0x46 ./source/hal/display.o
 .debug_frame   0x00000000      0x180 ./source/hal/display.o
 .ARM.attributes
                0x00000000       0x34 ./source/hal/display.o
 .group         0x00000000        0xc ./source/hal/leds.o
 .group         0x00000000        0xc ./source/hal/leds.o
 .group         0x00000000        0xc ./source/hal/leds.o
 .group         0x00000000        0xc ./source/hal/leds.o
 .group         0x00000000        0xc ./source/hal/leds.o
 .text          0x00000000        0x0 ./source/hal/leds.o
 .data          0x00000000        0x0 ./source/hal/leds.o
 .bss           0x00000000        0x0 ./source/hal/leds.o
 .text.ledToggle
                0x00000000       0x90 ./source/hal/leds.o
 .debug_macro   0x00000000      0xad8 ./source/hal/leds.o
 .debug_macro   0x00000000      0x34e ./source/hal/leds.o
 .debug_macro   0x00000000       0x22 ./source/hal/leds.o
 .debug_macro   0x00000000       0x40 ./source/hal/leds.o
 .group         0x00000000        0xc ./source/hal/shift.o
 .group         0x00000000        0xc ./source/hal/shift.o
 .group         0x00000000        0xc ./source/hal/shift.o
 .group         0x00000000        0xc ./source/hal/shift.o
 .group         0x00000000        0xc ./source/hal/shift.o
 .text          0x00000000        0x0 ./source/hal/shift.o
 .data          0x00000000        0x0 ./source/hal/shift.o
 .bss           0x00000000        0x0 ./source/hal/shift.o
 .bss.shiftRegister
                0x00000000        0x2 ./source/hal/shift.o
 .text.shiftRead
                0x00000000       0x18 ./source/hal/shift.o
 .text.shiftWriteWord
                0x00000000       0x20 ./source/hal/shift.o
 .text.shiftWriteBit
                0x00000000       0x5c ./source/hal/shift.o
 .text.shiftOutUpdate
                0x00000000       0x60 ./source/hal/shift.o
 .text.shiftInit
                0x00000000       0x44 ./source/hal/shift.o
 .debug_info    0x00000000      0x1d2 ./source/hal/shift.o
 .debug_abbrev  0x00000000      0x133 ./source/hal/shift.o
 .debug_aranges
                0x00000000       0x40 ./source/hal/shift.o
 .debug_ranges  0x00000000       0x30 ./source/hal/shift.o
 .debug_macro   0x00000000       0x4f ./source/hal/shift.o
 .debug_macro   0x00000000      0xad8 ./source/hal/shift.o
 .debug_macro   0x00000000      0x34e ./source/hal/shift.o
 .debug_macro   0x00000000       0x22 ./source/hal/shift.o
 .debug_macro   0x00000000       0x40 ./source/hal/shift.o
 .debug_macro   0x00000000       0x70 ./source/hal/shift.o
 .debug_line    0x00000000      0x1c6 ./source/hal/shift.o
 .debug_str     0x00000000     0x3cc7 ./source/hal/shift.o
 .comment       0x00000000       0x46 ./source/hal/shift.o
 .debug_frame   0x00000000       0xc0 ./source/hal/shift.o
 .ARM.attributes
                0x00000000       0x34 ./source/hal/shift.o
 .group         0x00000000        0xc ./source/hal/timers.o
 .group         0x00000000        0xc ./source/hal/timers.o
 .group         0x00000000        0xc ./source/hal/timers.o
 .text          0x00000000        0x0 ./source/hal/timers.o
 .data          0x00000000        0x0 ./source/hal/timers.o
 .bss           0x00000000        0x0 ./source/hal/timers.o
 .text.createTimer
                0x00000000       0x18 ./source/hal/timers.o
 .text.sleep    0x00000000       0x16 ./source/hal/timers.o
 .text.timerCheck
                0x00000000       0x1a ./source/hal/timers.o
 .debug_info    0x00000000      0x13e ./source/hal/timers.o
 .debug_abbrev  0x00000000       0xa9 ./source/hal/timers.o
 .debug_aranges
                0x00000000       0x30 ./source/hal/timers.o
 .debug_ranges  0x00000000       0x20 ./source/hal/timers.o
 .debug_macro   0x00000000       0x37 ./source/hal/timers.o
 .debug_macro   0x00000000      0xad8 ./source/hal/timers.o
 .debug_macro   0x00000000       0x22 ./source/hal/timers.o
 .debug_macro   0x00000000      0x34e ./source/hal/timers.o
 .debug_line    0x00000000      0x11c ./source/hal/timers.o
 .debug_str     0x00000000     0x3a0d ./source/hal/timers.o
 .comment       0x00000000       0x46 ./source/hal/timers.o
 .debug_frame   0x00000000       0x88 ./source/hal/timers.o
 .ARM.attributes
                0x00000000       0x34 ./source/hal/timers.o
 .group         0x00000000        0xc ./source/hal/wheel.o
 .group         0x00000000        0xc ./source/hal/wheel.o
 .group         0x00000000        0xc ./source/hal/wheel.o
 .group         0x00000000        0xc ./source/hal/wheel.o
 .group         0x00000000        0xc ./source/hal/wheel.o
 .group         0x00000000        0xc ./source/hal/wheel.o
 .text          0x00000000        0x0 ./source/hal/wheel.o
 .data          0x00000000        0x0 ./source/hal/wheel.o
 .bss           0x00000000        0x0 ./source/hal/wheel.o
 .bss.wheelInputFlag
                0x00000000        0x1 ./source/hal/wheel.o
 .text.readWheel
                0x00000000      0x1d0 ./source/hal/wheel.o
 .bss.clickState.4
                0x00000000        0x4 ./source/hal/wheel.o
 .bss.prev.3    0x00000000        0x1 ./source/hal/wheel.o
 .rodata.table.2
                0x00000000       0x10 ./source/hal/wheel.o
 .bss.acc.1     0x00000000        0x1 ./source/hal/wheel.o
 .bss.pressState.0
                0x00000000        0x4 ./source/hal/wheel.o
 .debug_macro   0x00000000      0xad8 ./source/hal/wheel.o
 .debug_macro   0x00000000      0x34e ./source/hal/wheel.o
 .debug_macro   0x00000000       0x22 ./source/hal/wheel.o
 .debug_macro   0x00000000       0x3a ./source/hal/wheel.o
 .debug_macro   0x00000000       0x70 ./source/hal/wheel.o
 .debug_macro   0x00000000       0x16 ./source/hal/wheel.o
 .group         0x00000000        0xc ./source/app/App.o
 .group         0x00000000        0xc ./source/app/App.o
 .group         0x00000000        0xc ./source/app/App.o
 .group         0x00000000        0xc ./source/app/App.o
 .group         0x00000000        0xc ./source/app/App.o
 .group         0x00000000        0xc ./source/app/App.o
 .group         0x00000000        0xc ./source/app/App.o
 .group         0x00000000        0xc ./source/app/App.o
 .group         0x00000000        0xc ./source/app/App.o
 .text          0x00000000        0x0 ./source/app/App.o
 .data          0x00000000        0x0 ./source/app/App.o
 .bss           0x00000000        0x0 ./source/app/App.o
 .debug_macro   0x00000000      0xad8 ./source/app/App.o
 .debug_macro   0x00000000       0x22 ./source/app/App.o
 .debug_macro   0x00000000      0x34e ./source/app/App.o
 .debug_macro   0x00000000       0x40 ./source/app/App.o
 .debug_macro   0x00000000       0x6a ./source/app/App.o
 .debug_macro   0x00000000       0x16 ./source/app/App.o
 .group         0x00000000        0xc ./source/app/action.o
 .group         0x00000000        0xc ./source/app/action.o
 .group         0x00000000        0xc ./source/app/action.o
 .text          0x00000000        0x0 ./source/app/action.o
 .data          0x00000000        0x0 ./source/app/action.o
 .bss           0x00000000        0x0 ./source/app/action.o
 .text.idCheck  0x00000000       0x10 ./source/app/action.o
 .text.passCheck
                0x00000000       0x10 ./source/app/action.o
 .text.openCheck
                0x00000000       0x10 ./source/app/action.o
 .text.configCheck
                0x00000000       0x10 ./source/app/action.o
 .text.adminCheck
                0x00000000       0x10 ./source/app/action.o
 .text.initSystem
                0x00000000        0xe ./source/app/action.o
 .text.inputComposit
                0x00000000       0x58 ./source/app/action.o
 .bss.result.0  0x00000000        0x4 ./source/app/action.o
 .debug_info    0x00000000      0x1a9 ./source/app/action.o
 .debug_abbrev  0x00000000       0xe5 ./source/app/action.o
 .debug_aranges
                0x00000000       0x50 ./source/app/action.o
 .debug_ranges  0x00000000       0x40 ./source/app/action.o
 .debug_macro   0x00000000       0x4b ./source/app/action.o
 .debug_macro   0x00000000      0xad8 ./source/app/action.o
 .debug_macro   0x00000000       0x22 ./source/app/action.o
 .debug_macro   0x00000000      0x34e ./source/app/action.o
 .debug_line    0x00000000      0x1af ./source/app/action.o
 .debug_str     0x00000000     0x3a89 ./source/app/action.o
 .comment       0x00000000       0x46 ./source/app/action.o
 .debug_frame   0x00000000       0xf0 ./source/app/action.o
 .ARM.attributes
                0x00000000       0x34 ./source/app/action.o
 .group         0x00000000        0xc ./source/app/display_intensity.o
 .group         0x00000000        0xc ./source/app/display_intensity.o
 .group         0x00000000        0xc ./source/app/display_intensity.o
 .group         0x00000000        0xc ./source/app/display_intensity.o
 .text          0x00000000        0x0 ./source/app/display_intensity.o
 .data          0x00000000        0x0 ./source/app/display_intensity.o
 .bss           0x00000000        0x0 ./source/app/display_intensity.o
 .text.handleDisplayIntensity
                0x00000000       0x54 ./source/app/display_intensity.o
 .debug_info    0x00000000      0x133 ./source/app/display_intensity.o
 .debug_abbrev  0x00000000       0xbb ./source/app/display_intensity.o
 .debug_aranges
                0x00000000       0x20 ./source/app/display_intensity.o
 .debug_ranges  0x00000000       0x10 ./source/app/display_intensity.o
 .debug_macro   0x00000000       0x4a ./source/app/display_intensity.o
 .debug_macro   0x00000000      0xad8 ./source/app/display_intensity.o
 .debug_macro   0x00000000       0x22 ./source/app/display_intensity.o
 .debug_macro   0x00000000      0x34e ./source/app/display_intensity.o
 .debug_macro   0x00000000       0x10 ./source/app/display_intensity.o
 .debug_line    0x00000000      0x157 ./source/app/display_intensity.o
 .debug_str     0x00000000     0x3aa4 ./source/app/display_intensity.o
 .comment       0x00000000       0x46 ./source/app/display_intensity.o
 .debug_frame   0x00000000       0x34 ./source/app/display_intensity.o
 .ARM.attributes
                0x00000000       0x34 ./source/app/display_intensity.o
 .group         0x00000000        0xc ./source/app/id_input.o
 .group         0x00000000        0xc ./source/app/id_input.o
 .group         0x00000000        0xc ./source/app/id_input.o
 .group         0x00000000        0xc ./source/app/id_input.o
 .text          0x00000000        0x0 ./source/app/id_input.o
 .data          0x00000000        0x0 ./source/app/id_input.o
 .bss           0x00000000        0x0 ./source/app/id_input.o
 .data.input    0x00000000        0xd ./source/app/id_input.o
 .bss.state     0x00000000        0x1 ./source/app/id_input.o
 .text.handleIdInput
                0x00000000       0xd4 ./source/app/id_input.o
 .text.handleIdEdit
                0x00000000       0xb4 ./source/app/id_input.o
 .text.handleIdSelectDigit
                0x00000000       0x80 ./source/app/id_input.o
 .debug_info    0x00000000      0x30f ./source/app/id_input.o
 .debug_abbrev  0x00000000      0x16b ./source/app/id_input.o
 .debug_aranges
                0x00000000       0x30 ./source/app/id_input.o
 .debug_ranges  0x00000000       0x20 ./source/app/id_input.o
 .debug_macro   0x00000000       0x60 ./source/app/id_input.o
 .debug_macro   0x00000000      0xad8 ./source/app/id_input.o
 .debug_macro   0x00000000       0x22 ./source/app/id_input.o
 .debug_macro   0x00000000      0x34e ./source/app/id_input.o
 .debug_macro   0x00000000       0x10 ./source/app/id_input.o
 .debug_line    0x00000000      0x28b ./source/app/id_input.o
 .debug_str     0x00000000     0x3b0b ./source/app/id_input.o
 .comment       0x00000000       0x46 ./source/app/id_input.o
 .debug_frame   0x00000000       0x80 ./source/app/id_input.o
 .ARM.attributes
                0x00000000       0x34 ./source/app/id_input.o
 .group         0x00000000        0xc ./source/app/user.o
 .group         0x00000000        0xc ./source/app/user.o
 .group         0x00000000        0xc ./source/app/user.o
 .text          0x00000000        0x0 ./source/app/user.o
 .data          0x00000000        0x0 ./source/app/user.o
 .bss           0x00000000        0x0 ./source/app/user.o
 .bss.userDataset
                0x00000000        0x0 ./source/app/user.o
 .text.initUserSystem
                0x00000000       0x10 ./source/app/user.o
 .text.newUser  0x00000000       0x18 ./source/app/user.o
 .text.removeUser
                0x00000000       0x16 ./source/app/user.o
 .text.changePass
                0x00000000       0x18 ./source/app/user.o
 .debug_info    0x00000000      0x1b9 ./source/app/user.o
 .debug_abbrev  0x00000000      0x10f ./source/app/user.o
 .debug_aranges
                0x00000000       0x38 ./source/app/user.o
 .debug_ranges  0x00000000       0x28 ./source/app/user.o
 .debug_macro   0x00000000       0x37 ./source/app/user.o
 .debug_macro   0x00000000      0xad8 ./source/app/user.o
 .debug_macro   0x00000000       0x22 ./source/app/user.o
 .debug_macro   0x00000000      0x34e ./source/app/user.o
 .debug_line    0x00000000      0x12c ./source/app/user.o
 .debug_str     0x00000000     0x3a25 ./source/app/user.o
 .comment       0x00000000       0x46 ./source/app/user.o
 .debug_frame   0x00000000       0xa8 ./source/app/user.o
 .ARM.attributes
                0x00000000       0x34 ./source/app/user.o
 .group         0x00000000        0xc ./source/app/utils.o
 .group         0x00000000        0xc ./source/app/utils.o
 .text          0x00000000        0x0 ./source/app/utils.o
 .data          0x00000000        0x0 ./source/app/utils.o
 .bss           0x00000000        0x0 ./source/app/utils.o
 .text.clampInc
                0x00000000       0x2e ./source/app/utils.o
 .text.clampDec
                0x00000000       0x2e ./source/app/utils.o
 .text.min      0x00000000       0x28 ./source/app/utils.o
 .text.max      0x00000000       0x28 ./source/app/utils.o
 .debug_info    0x00000000      0x154 ./source/app/utils.o
 .debug_abbrev  0x00000000       0xb6 ./source/app/utils.o
 .debug_aranges
                0x00000000       0x38 ./source/app/utils.o
 .debug_ranges  0x00000000       0x28 ./source/app/utils.o
 .debug_macro   0x00000000       0x2e ./source/app/utils.o
 .debug_macro   0x00000000      0xad8 ./source/app/utils.o
 .debug_macro   0x00000000      0x34e ./source/app/utils.o
 .debug_line    0x00000000      0x14b ./source/app/utils.o
 .debug_str     0x00000000     0x3980 ./source/app/utils.o
 .comment       0x00000000       0x46 ./source/app/utils.o
 .debug_frame   0x00000000       0xb0 ./source/app/utils.o
 .ARM.attributes
                0x00000000       0x34 ./source/app/utils.o
 .group         0x00000000        0xc ./SDK/startup/hardware.o
 .group         0x00000000        0xc ./SDK/startup/hardware.o
 .group         0x00000000        0xc ./SDK/startup/hardware.o
 .group         0x00000000        0xc ./SDK/startup/hardware.o
 .group         0x00000000        0xc ./SDK/startup/hardware.o
 .group         0x00000000        0xc ./SDK/startup/hardware.o
 .group         0x00000000        0xc ./SDK/startup/hardware.o
 .group         0x00000000        0xc ./SDK/startup/hardware.o
 .group         0x00000000        0xc ./SDK/startup/hardware.o
 .group         0x00000000        0xc ./SDK/startup/hardware.o
 .group         0x00000000        0xc ./SDK/startup/hardware.o
 .group         0x00000000        0xc ./SDK/startup/hardware.o
 .group         0x00000000        0xc ./SDK/startup/hardware.o
 .text          0x00000000        0x0 ./SDK/startup/hardware.o
 .data          0x00000000        0x0 ./SDK/startup/hardware.o
 .bss           0x00000000        0x0 ./SDK/startup/hardware.o
 .debug_macro   0x00000000      0xad8 ./SDK/startup/hardware.o
 .debug_macro   0x00000000      0x34e ./SDK/startup/hardware.o
 .debug_macro   0x00000000       0x22 ./SDK/startup/hardware.o
 .debug_macro   0x00000000       0x10 ./SDK/startup/hardware.o
 .debug_macro   0x00000000       0x5c ./SDK/startup/hardware.o
 .debug_macro   0x00000000       0x1c ./SDK/startup/hardware.o
 .debug_macro   0x00000000       0x22 ./SDK/startup/hardware.o
 .debug_macro   0x00000000       0xd9 ./SDK/startup/hardware.o
 .debug_macro   0x00000000      0xecf ./SDK/startup/hardware.o
 .debug_macro   0x00000000       0x48 ./SDK/startup/hardware.o
 .debug_macro   0x00000000     0xe07b ./SDK/startup/hardware.o
 .debug_macro   0x00000000     0x122b ./SDK/startup/hardware.o
 .debug_macro   0x00000000       0x16 ./SDK/startup/hardware.o
 .group         0x00000000        0xc ./SDK/startup/main.o
 .group         0x00000000        0xc ./SDK/startup/main.o
 .group         0x00000000        0xc ./SDK/startup/main.o
 .group         0x00000000        0xc ./SDK/startup/main.o
 .group         0x00000000        0xc ./SDK/startup/main.o
 .group         0x00000000        0xc ./SDK/startup/main.o
 .group         0x00000000        0xc ./SDK/startup/main.o
 .group         0x00000000        0xc ./SDK/startup/main.o
 .group         0x00000000        0xc ./SDK/startup/main.o
 .group         0x00000000        0xc ./SDK/startup/main.o
 .group         0x00000000        0xc ./SDK/startup/main.o
 .group         0x00000000        0xc ./SDK/startup/main.o
 .group         0x00000000        0xc ./SDK/startup/main.o
 .text          0x00000000        0x0 ./SDK/startup/main.o
 .data          0x00000000        0x0 ./SDK/startup/main.o
 .bss           0x00000000        0x0 ./SDK/startup/main.o
 .debug_macro   0x00000000      0xad8 ./SDK/startup/main.o
 .debug_macro   0x00000000      0x34e ./SDK/startup/main.o
 .debug_macro   0x00000000       0x22 ./SDK/startup/main.o
 .debug_macro   0x00000000       0x10 ./SDK/startup/main.o
 .debug_macro   0x00000000       0x5c ./SDK/startup/main.o
 .debug_macro   0x00000000       0x1c ./SDK/startup/main.o
 .debug_macro   0x00000000       0x22 ./SDK/startup/main.o
 .debug_macro   0x00000000       0xd9 ./SDK/startup/main.o
 .debug_macro   0x00000000      0xecf ./SDK/startup/main.o
 .debug_macro   0x00000000       0x48 ./SDK/startup/main.o
 .debug_macro   0x00000000     0xe07b ./SDK/startup/main.o
 .debug_macro   0x00000000     0x122b ./SDK/startup/main.o
 .debug_macro   0x00000000       0x16 ./SDK/startup/main.o
 .group         0x00000000        0xc ./SDK/startup/semihost_hardfault.o
 .text          0x00000000        0x0 ./SDK/startup/semihost_hardfault.o
 .data          0x00000000        0x0 ./SDK/startup/semihost_hardfault.o
 .bss           0x00000000        0x0 ./SDK/startup/semihost_hardfault.o
 .debug_macro   0x00000000      0xad8 ./SDK/startup/semihost_hardfault.o
 .group         0x00000000        0xc ./SDK/startup/startup_mk64f12.o
 .text          0x00000000        0x0 ./SDK/startup/startup_mk64f12.o
 .data          0x00000000        0x0 ./SDK/startup/startup_mk64f12.o
 .bss           0x00000000        0x0 ./SDK/startup/startup_mk64f12.o
 .text.PORTC_IRQHandler
                0x00000000        0x8 ./SDK/startup/startup_mk64f12.o
 .debug_macro   0x00000000      0xad8 ./SDK/startup/startup_mk64f12.o
 .group         0x00000000        0xc ./SDK/CMSIS/system_MK64F12.o
 .group         0x00000000        0xc ./SDK/CMSIS/system_MK64F12.o
 .group         0x00000000        0xc ./SDK/CMSIS/system_MK64F12.o
 .group         0x00000000        0xc ./SDK/CMSIS/system_MK64F12.o
 .group         0x00000000        0xc ./SDK/CMSIS/system_MK64F12.o
 .group         0x00000000        0xc ./SDK/CMSIS/system_MK64F12.o
 .group         0x00000000        0xc ./SDK/CMSIS/system_MK64F12.o
 .group         0x00000000        0xc ./SDK/CMSIS/system_MK64F12.o
 .group         0x00000000        0xc ./SDK/CMSIS/system_MK64F12.o
 .group         0x00000000        0xc ./SDK/CMSIS/system_MK64F12.o
 .group         0x00000000        0xc ./SDK/CMSIS/system_MK64F12.o
 .text          0x00000000        0x0 ./SDK/CMSIS/system_MK64F12.o
 .data          0x00000000        0x0 ./SDK/CMSIS/system_MK64F12.o
 .bss           0x00000000        0x0 ./SDK/CMSIS/system_MK64F12.o
 .text.SystemCoreClockUpdate
                0x00000000      0x28c ./SDK/CMSIS/system_MK64F12.o
 .debug_macro   0x00000000      0xad8 ./SDK/CMSIS/system_MK64F12.o
 .debug_macro   0x00000000      0x34e ./SDK/CMSIS/system_MK64F12.o
 .debug_macro   0x00000000       0x10 ./SDK/CMSIS/system_MK64F12.o
 .debug_macro   0x00000000       0x5c ./SDK/CMSIS/system_MK64F12.o
 .debug_macro   0x00000000       0x1c ./SDK/CMSIS/system_MK64F12.o
 .debug_macro   0x00000000       0x22 ./SDK/CMSIS/system_MK64F12.o
 .debug_macro   0x00000000       0xd9 ./SDK/CMSIS/system_MK64F12.o
 .debug_macro   0x00000000      0xecf ./SDK/CMSIS/system_MK64F12.o
 .debug_macro   0x00000000       0x48 ./SDK/CMSIS/system_MK64F12.o
 .debug_macro   0x00000000     0xe07b ./SDK/CMSIS/system_MK64F12.o
 .debug_macro   0x00000000     0x122b ./SDK/CMSIS/system_MK64F12.o

Memory Configuration

Name             Origin             Length             Attributes
PROGRAM_FLASH    0x00000000         0x00100000         xr
SRAM_UPPER       0x20000000         0x00030000         xrw
SRAM_LOWER       0x1fff0000         0x00010000         xrw
FLEX_RAM         0x14000000         0x00001000         xrw
*default*        0x00000000         0xffffffff

Linker script and memory map

LOAD ./source/mcal/SysTick.o
LOAD ./source/mcal/gpio.o
LOAD ./source/hal/IRQN_Ports.o
LOAD ./source/hal/card.o
LOAD ./source/hal/display.o
LOAD ./source/hal/leds.o
LOAD ./source/hal/shift.o
LOAD ./source/hal/timers.o
LOAD ./source/hal/wheel.o
LOAD ./source/app/App.o
LOAD ./source/app/action.o
LOAD ./source/app/display_intensity.o
LOAD ./source/app/id_input.o
LOAD ./source/app/user.o
LOAD ./source/app/utils.o
LOAD ./SDK/startup/hardware.o
LOAD ./SDK/startup/main.o
LOAD ./SDK/startup/semihost_hardfault.o
LOAD ./SDK/startup/startup_mk64f12.o
LOAD ./SDK/CMSIS/system_MK64F12.o
START GROUP
LOAD /opt/mcuxpresso-ide/ide/plugins/com.nxp.mcuxpresso.tools.linux_25.6.0.202501151204/tools/bin/../lib/gcc/arm-none-eabi/14.2.1/../../../../arm-none-eabi/lib/thumb/v7e-m+fp/hard/libcr_c.a
LOAD /opt/mcuxpresso-ide/ide/plugins/com.nxp.mcuxpresso.tools.linux_25.6.0.202501151204/tools/bin/../lib/gcc/arm-none-eabi/14.2.1/thumb/v7e-m+fp/hard/libcr_eabihelpers.a
LOAD /opt/mcuxpresso-ide/ide/plugins/com.nxp.mcuxpresso.tools.linux_25.6.0.202501151204/tools/bin/../lib/gcc/arm-none-eabi/14.2.1/thumb/v7e-m+fp/hard/libgcc.a
END GROUP
                0x00000000                        __base_PROGRAM_FLASH = 0x0
                0x00000000                        __base_Flash = 0x0
                0x00100000                        __top_PROGRAM_FLASH = 0x100000
                0x00100000                        __top_Flash = 0x100000
                0x20000000                        __base_SRAM_UPPER = 0x20000000
                0x20000000                        __base_RAM = 0x20000000
                0x20030000                        __top_SRAM_UPPER = 0x20030000
                0x20030000                        __top_RAM = 0x20030000
                0x1fff0000                        __base_SRAM_LOWER = 0x1fff0000
                0x1fff0000                        __base_RAM2 = 0x1fff0000
                0x20000000                        __top_SRAM_LOWER = 0x20000000
                0x20000000                        __top_RAM2 = 0x20000000
                0x14000000                        __base_FLEX_RAM = 0x14000000
                0x14000000                        __base_RAM3 = 0x14000000
                0x14001000                        __top_FLEX_RAM = 0x14001000
                0x14001000                        __top_RAM3 = 0x14001000

.text           0x00000000     0x19d0
 FILL mask 0xff
                0x00000000                        __vectors_start__ = ABSOLUTE (.)
 *(SORT_BY_ALIGNMENT(.isr_vector))
 .isr_vector    0x00000000      0x198 ./SDK/startup/startup_mk64f12.o
                0x00000000                __Vectors
                0x00000000                g_pfnVectors
                0x00000198                        . = ALIGN (0x4)
                0x00000198                        __section_table_start = .
                0x00000198                        __data_section_table = .
                0x00000198        0x4 LONG 0x19d0 LOADADDR (.data)
                0x0000019c        0x4 LONG 0x20000000 ADDR (.data)
                0x000001a0        0x4 LONG 0x8 SIZEOF (.data)
                0x000001a4        0x4 LONG 0x19d0 LOADADDR (.data_RAM2)
                0x000001a8        0x4 LONG 0x1fff0000 ADDR (.data_RAM2)
                0x000001ac        0x4 LONG 0x0 SIZEOF (.data_RAM2)
                0x000001b0        0x4 LONG 0x19d0 LOADADDR (.data_RAM3)
                0x000001b4        0x4 LONG 0x14000000 ADDR (.data_RAM3)
                0x000001b8        0x4 LONG 0x0 SIZEOF (.data_RAM3)
                0x000001bc                        __data_section_table_end = .
                0x000001bc                        __bss_section_table = .
                0x000001bc        0x4 LONG 0x20000008 ADDR (.bss)
                0x000001c0        0x4 LONG 0x1d0 SIZEOF (.bss)
                0x000001c4        0x4 LONG 0x1fff0000 ADDR (.bss_RAM2)
                0x000001c8        0x4 LONG 0x0 SIZEOF (.bss_RAM2)
                0x000001cc        0x4 LONG 0x14000000 ADDR (.bss_RAM3)
                0x000001d0        0x4 LONG 0x0 SIZEOF (.bss_RAM3)
                0x000001d4                        __bss_section_table_end = .
                0x000001d4                        __section_table_end = .
 *(SORT_BY_ALIGNMENT(.after_vectors*))
 .after_vectors.reset
                0x000001d4       0x4c ./SDK/startup/startup_mk64f12.o
                0x000001d4                ResetISR
 .after_vectors.init_data
                0x00000220       0x1e ./SDK/startup/startup_mk64f12.o
                0x00000220                data_init
 .after_vectors.init_bss
                0x0000023e       0x12 ./SDK/startup/startup_mk64f12.o
                0x0000023e                bss_init
 .after_vectors
                0x00000250       0x14 ./SDK/startup/startup_mk64f12.o
                0x00000250                NMI_Handler
                0x00000254                MemManage_Handler
                0x00000256                BusFault_Handler
                0x00000258                UsageFault_Handler
                0x0000025a                SVC_Handler
                0x0000025c                DebugMon_Handler
                0x0000025e                PendSV_Handler
                0x00000262                DMA0_DriverIRQHandler
                0x00000262                PORTB_DriverIRQHandler
                0x00000262                DMA12_DriverIRQHandler
                0x00000262                SPI1_DriverIRQHandler
                0x00000262                LPTMR0_DriverIRQHandler
                0x00000262                DMA_Error_DriverIRQHandler
                0x00000262                FTM1_DriverIRQHandler
                0x00000262                FTM2_DriverIRQHandler
                0x00000262                PIT2_DriverIRQHandler
                0x00000262                SDHC_DriverIRQHandler
                0x00000262                I2S0_Tx_DriverIRQHandler
                0x00000262                RTC_Seconds_DriverIRQHandler
                0x00000262                DMA6_DriverIRQHandler
                0x00000262                LLWU_DriverIRQHandler
                0x00000262                MCM_DriverIRQHandler
                0x00000262                MCG_DriverIRQHandler
                0x00000262                ENET_1588_Timer_DriverIRQHandler
                0x00000262                I2C2_DriverIRQHandler
                0x00000262                DAC1_DriverIRQHandler
                0x00000262                CMP1_DriverIRQHandler
                0x00000262                UART5_RX_TX_DriverIRQHandler
                0x00000262                FTM0_DriverIRQHandler
                0x00000262                IntDefaultHandler
                0x00000262                USB0_DriverIRQHandler
                0x00000262                UART5_ERR_DriverIRQHandler
                0x00000262                PORTC_DriverIRQHandler
                0x00000262                DMA11_DriverIRQHandler
                0x00000262                DAC0_DriverIRQHandler
                0x00000262                DMA10_DriverIRQHandler
                0x00000262                CMP2_DriverIRQHandler
                0x00000262                UART2_ERR_DriverIRQHandler
                0x00000262                SPI2_DriverIRQHandler
                0x00000262                LVD_LVW_DriverIRQHandler
                0x00000262                PIT0_DriverIRQHandler
                0x00000262                RNG_DriverIRQHandler
                0x00000262                DMA5_DriverIRQHandler
                0x00000262                DMA4_DriverIRQHandler
                0x00000262                UART2_RX_TX_DriverIRQHandler
                0x00000262                USBDCD_DriverIRQHandler
                0x00000262                UART3_ERR_DriverIRQHandler
                0x00000262                DMA3_DriverIRQHandler
                0x00000262                DMA8_DriverIRQHandler
                0x00000262                DMA9_DriverIRQHandler
                0x00000262                UART0_ERR_DriverIRQHandler
                0x00000262                CMT_DriverIRQHandler
                0x00000262                Reserved71_DriverIRQHandler
                0x00000262                ADC1_DriverIRQHandler
                0x00000262                PORTA_DriverIRQHandler
                0x00000262                DMA14_DriverIRQHandler
                0x00000262                PIT3_DriverIRQHandler
                0x00000262                PIT1_DriverIRQHandler
                0x00000262                WDOG_EWM_DriverIRQHandler
                0x00000262                PDB0_DriverIRQHandler
                0x00000262                RTC_DriverIRQHandler
                0x00000262                I2S0_Rx_DriverIRQHandler
                0x00000262                Read_Collision_DriverIRQHandler
                0x00000262                SWI_DriverIRQHandler
                0x00000262                UART4_RX_TX_DriverIRQHandler
                0x00000262                UART4_ERR_DriverIRQHandler
                0x00000262                UART0_LON_DriverIRQHandler
                0x00000262                DMA1_DriverIRQHandler
                0x00000262                I2C1_DriverIRQHandler
                0x00000262                UART3_RX_TX_DriverIRQHandler
                0x00000262                ENET_Receive_DriverIRQHandler
                0x00000262                DMA13_DriverIRQHandler
                0x00000262                ENET_Error_DriverIRQHandler
                0x00000262                DMA15_DriverIRQHandler
                0x00000262                UART0_RX_TX_DriverIRQHandler
                0x00000262                SPI0_DriverIRQHandler
                0x00000262                ADC0_DriverIRQHandler
                0x00000262                CMP0_DriverIRQHandler
                0x00000262                CAN0_DriverIRQHandler
                0x00000262                FTM3_DriverIRQHandler
                0x00000262                UART1_ERR_DriverIRQHandler
                0x00000262                DMA2_DriverIRQHandler
                0x00000262                ENET_Transmit_DriverIRQHandler
                0x00000262                PORTD_DriverIRQHandler
                0x00000262                PORTE_DriverIRQHandler
                0x00000262                FTFE_DriverIRQHandler
                0x00000262                I2C0_DriverIRQHandler
                0x00000262                DMA7_DriverIRQHandler
                0x00000262                UART1_RX_TX_DriverIRQHandler
                0x00000400                        . = 0x400
 *fill*         0x00000264      0x19c ff
                0x00000400                        PROVIDE (__FLASH_CONFIG_START__ = .)
 *(SORT_BY_ALIGNMENT(.FlashConfig))
 .FlashConfig   0x00000400       0x10 ./SDK/startup/startup_mk64f12.o
                0x00000400                Flash_Config
                0x00000410                        PROVIDE (__FLASH_CONFIG_END__ = .)
                0x00000001                        ASSERT (! ((__FLASH_CONFIG_START__ == __FLASH_CONFIG_END__)), Linker Flash Config Support Enabled, but no .FlashConfig section provided within application)
 *(SORT_BY_ALIGNMENT(.text*))
 .text.SysTick_Handler
                0x00000410       0x70 ./source/mcal/SysTick.o
                0x00000410                SysTick_Handler
 .text.pisr_register
                0x00000480       0x58 ./source/mcal/SysTick.o
                0x00000480                pisr_register
 .text.SysTick_Init
                0x000004d8       0x44 ./source/mcal/SysTick.o
                0x000004d8                SysTick_Init
 .text.gpioInit
                0x0000051c       0xd4 ./source/mcal/gpio.o
                0x0000051c                gpioInit
 .text.gpioMode
                0x000005f0       0x90 ./source/mcal/gpio.o
                0x000005f0                gpioMode
 .text.gpioWrite
                0x00000680       0x60 ./source/mcal/gpio.o
                0x00000680                gpioWrite
 .text.gpioRead
                0x000006e0       0x48 ./source/mcal/gpio.o
                0x000006e0                gpioRead
 .text.fallingEdgeIRQC
                0x00000728       0x68 ./source/mcal/gpio.o
                0x00000728                fallingEdgeIRQC
 .text.gpioPullUp
                0x00000790       0x48 ./source/mcal/gpio.o
                0x00000790                gpioPullUp
 .text.cleanFlags
                0x000007d8       0xdc ./source/mcal/gpio.o
                0x000007d8                cleanFlags
 .text.__NVIC_EnableIRQ
                0x000008b4       0x3c ./source/hal/IRQN_Ports.o
 .text.__NVIC_ClearPendingIRQ
                0x000008f0       0x3c ./source/hal/IRQN_Ports.o
 .text.__NVIC_SetPriority
                0x0000092c       0x54 ./source/hal/IRQN_Ports.o
 .text.PORTC_IRQHandler
                0x00000980       0x44 ./source/hal/IRQN_Ports.o
                0x00000980                PORTC_IRQHandler
 .text.setCallbacks
                0x000009c4       0x30 ./source/hal/IRQN_Ports.o
                0x000009c4                setCallbacks
 .text.init_nvic
                0x000009f4       0xa4 ./source/hal/IRQN_Ports.o
                0x000009f4                init_nvic
 .text.cardInit
                0x00000a98       0xb0 ./source/hal/card.o
                0x00000a98                cardInit
 .text.timerForTimeout
                0x00000b48       0x1c ./source/hal/card.o
                0x00000b48                timerForTimeout
 .text.cardHandler
                0x00000b64      0x248 ./source/hal/card.o
                0x00000b64                cardHandler
 .text.processIdData
                0x00000dac      0x1e0 ./source/hal/card.o
 .text.cleanBufferAndId
                0x00000f8c       0x54 ./source/hal/card.o
 .text.calculateIdNumber
                0x00000fe0       0x64 ./source/hal/card.o
 .text.cardAvailable
                0x00001044       0x18 ./source/hal/card.o
                0x00001044                cardAvailable
 .text.processCardData
                0x0000105c       0x4c ./source/hal/card.o
                0x0000105c                processCardData
 .text.cardRead
                0x000010a8       0x24 ./source/hal/card.o
                0x000010a8                cardRead
 .text.ledOn    0x000010cc       0xf0 ./source/hal/leds.o
                0x000010cc                ledOn
 .text.ledOff   0x000011bc       0xa8 ./source/hal/leds.o
                0x000011bc                ledOff
 .text.wheelInit
                0x00001264       0x70 ./source/hal/wheel.o
                0x00001264                wheelInit
 .text.wheelReadGPIO
                0x000012d4       0xa4 ./source/hal/wheel.o
                0x000012d4                wheelReadGPIO
 .text.App_Run  0x00001378       0x48 ./source/app/App.o
                0x00001378                App_Run
 .text.hw_Init  0x000013c0      0x108 ./SDK/startup/hardware.o
                0x000013c0                hw_Init
 .text.hw_EnableInterrupts
                0x000014c8       0x30 ./SDK/startup/hardware.o
                0x000014c8                hw_EnableInterrupts
 .text.hw_DisableInterrupts
                0x000014f8       0x20 ./SDK/startup/hardware.o
                0x000014f8                hw_DisableInterrupts
 .text.SystemInit
                0x00001518       0x3c ./SDK/CMSIS/system_MK64F12.o
                0x00001518                SystemInit
 .text.get_char_from_bits
                0x00001554       0x6c ./source/hal/card.o
 .text.make_char
                0x000015c0       0x26 ./source/hal/card.o
 .text.ledsInit
                0x000015e6       0x78 ./source/hal/leds.o
                0x000015e6                ledsInit
 .text.App_Init
                0x0000165e       0x4c ./source/app/App.o
                0x0000165e                App_Init
 .text.main     0x000016aa       0x1a ./SDK/startup/main.o
                0x000016aa                main
 .text.HardFault_Handler
                0x000016c4       0x2c ./SDK/startup/semihost_hardfault.o
                0x000016c4                HardFault_Handler
 .text.DMA0_IRQHandler
                0x000016f0        0x8 ./SDK/startup/startup_mk64f12.o
                0x000016f0                DMA0_IRQHandler
 .text.DMA1_IRQHandler
                0x000016f8        0x8 ./SDK/startup/startup_mk64f12.o
                0x000016f8                DMA1_IRQHandler
 .text.DMA2_IRQHandler
                0x00001700        0x8 ./SDK/startup/startup_mk64f12.o
                0x00001700                DMA2_IRQHandler
 .text.DMA3_IRQHandler
                0x00001708        0x8 ./SDK/startup/startup_mk64f12.o
                0x00001708                DMA3_IRQHandler
 .text.DMA4_IRQHandler
                0x00001710        0x8 ./SDK/startup/startup_mk64f12.o
                0x00001710                DMA4_IRQHandler
 .text.DMA5_IRQHandler
                0x00001718        0x8 ./SDK/startup/startup_mk64f12.o
                0x00001718                DMA5_IRQHandler
 .text.DMA6_IRQHandler
                0x00001720        0x8 ./SDK/startup/startup_mk64f12.o
                0x00001720                DMA6_IRQHandler
 .text.DMA7_IRQHandler
                0x00001728        0x8 ./SDK/startup/startup_mk64f12.o
                0x00001728                DMA7_IRQHandler
 .text.DMA8_IRQHandler
                0x00001730        0x8 ./SDK/startup/startup_mk64f12.o
                0x00001730                DMA8_IRQHandler
 .text.DMA9_IRQHandler
                0x00001738        0x8 ./SDK/startup/startup_mk64f12.o
                0x00001738                DMA9_IRQHandler
 .text.DMA10_IRQHandler
                0x00001740        0x8 ./SDK/startup/startup_mk64f12.o
                0x00001740                DMA10_IRQHandler
 .text.DMA11_IRQHandler
                0x00001748        0x8 ./SDK/startup/startup_mk64f12.o
                0x00001748                DMA11_IRQHandler
 .text.DMA12_IRQHandler
                0x00001750        0x8 ./SDK/startup/startup_mk64f12.o
                0x00001750                DMA12_IRQHandler
 .text.DMA13_IRQHandler
                0x00001758        0x8 ./SDK/startup/startup_mk64f12.o
                0x00001758                DMA13_IRQHandler
 .text.DMA14_IRQHandler
                0x00001760        0x8 ./SDK/startup/startup_mk64f12.o
                0x00001760                DMA14_IRQHandler
 .text.DMA15_IRQHandler
                0x00001768        0x8 ./SDK/startup/startup_mk64f12.o
                0x00001768                DMA15_IRQHandler
 .text.DMA_Error_IRQHandler
                0x00001770        0x8 ./SDK/startup/startup_mk64f12.o
                0x00001770                DMA_Error_IRQHandler
 .text.MCM_IRQHandler
                0x00001778        0x8 ./SDK/startup/startup_mk64f12.o
                0x00001778                MCM_IRQHandler
 .text.FTFE_IRQHandler
                0x00001780        0x8 ./SDK/startup/startup_mk64f12.o
                0x00001780                FTFE_IRQHandler
 .text.Read_Collision_IRQHandler
                0x00001788        0x8 ./SDK/startup/startup_mk64f12.o
                0x00001788                Read_Collision_IRQHandler
 .text.LVD_LVW_IRQHandler
                0x00001790        0x8 ./SDK/startup/startup_mk64f12.o
                0x00001790                LVD_LVW_IRQHandler
 .text.LLWU_IRQHandler
                0x00001798        0x8 ./SDK/startup/startup_mk64f12.o
                0x00001798                LLWU_IRQHandler
 .text.WDOG_EWM_IRQHandler
                0x000017a0        0x8 ./SDK/startup/startup_mk64f12.o
                0x000017a0                WDOG_EWM_IRQHandler
 .text.RNG_IRQHandler
                0x000017a8        0x8 ./SDK/startup/startup_mk64f12.o
                0x000017a8                RNG_IRQHandler
 .text.I2C0_IRQHandler
                0x000017b0        0x8 ./SDK/startup/startup_mk64f12.o
                0x000017b0                I2C0_IRQHandler
 .text.I2C1_IRQHandler
                0x000017b8        0x8 ./SDK/startup/startup_mk64f12.o
                0x000017b8                I2C1_IRQHandler
 .text.SPI0_IRQHandler
                0x000017c0        0x8 ./SDK/startup/startup_mk64f12.o
                0x000017c0                SPI0_IRQHandler
 .text.SPI1_IRQHandler
                0x000017c8        0x8 ./SDK/startup/startup_mk64f12.o
                0x000017c8                SPI1_IRQHandler
 .text.I2S0_Tx_IRQHandler
                0x000017d0        0x8 ./SDK/startup/startup_mk64f12.o
                0x000017d0                I2S0_Tx_IRQHandler
 .text.I2S0_Rx_IRQHandler
                0x000017d8        0x8 ./SDK/startup/startup_mk64f12.o
                0x000017d8                I2S0_Rx_IRQHandler
 .text.UART0_LON_IRQHandler
                0x000017e0        0x8 ./SDK/startup/startup_mk64f12.o
                0x000017e0                UART0_LON_IRQHandler
 .text.UART0_RX_TX_IRQHandler
                0x000017e8        0x8 ./SDK/startup/startup_mk64f12.o
                0x000017e8                UART0_RX_TX_IRQHandler
 .text.UART0_ERR_IRQHandler
                0x000017f0        0x8 ./SDK/startup/startup_mk64f12.o
                0x000017f0                UART0_ERR_IRQHandler
 .text.UART1_RX_TX_IRQHandler
                0x000017f8        0x8 ./SDK/startup/startup_mk64f12.o
                0x000017f8                UART1_RX_TX_IRQHandler
 .text.UART1_ERR_IRQHandler
                0x00001800        0x8 ./SDK/startup/startup_mk64f12.o
                0x00001800                UART1_ERR_IRQHandler
 .text.UART2_RX_TX_IRQHandler
                0x00001808        0x8 ./SDK/startup/startup_mk64f12.o
                0x00001808                UART2_RX_TX_IRQHandler
 .text.UART2_ERR_IRQHandler
                0x00001810        0x8 ./SDK/startup/startup_mk64f12.o
                0x00001810                UART2_ERR_IRQHandler
 .text.UART3_RX_TX_IRQHandler
                0x00001818        0x8 ./SDK/startup/startup_mk64f12.o
                0x00001818                UART3_RX_TX_IRQHandler
 .text.UART3_ERR_IRQHandler
                0x00001820        0x8 ./SDK/startup/startup_mk64f12.o
                0x00001820                UART3_ERR_IRQHandler
 .text.ADC0_IRQHandler
                0x00001828        0x8 ./SDK/startup/startup_mk64f12.o
                0x00001828                ADC0_IRQHandler
 .text.CMP0_IRQHandler
                0x00001830        0x8 ./SDK/startup/startup_mk64f12.o
                0x00001830                CMP0_IRQHandler
 .text.CMP1_IRQHandler
                0x00001838        0x8 ./SDK/startup/startup_mk64f12.o
                0x00001838                CMP1_IRQHandler
 .text.FTM0_IRQHandler
                0x00001840        0x8 ./SDK/startup/startup_mk64f12.o
                0x00001840                FTM0_IRQHandler
 .text.FTM1_IRQHandler
                0x00001848        0x8 ./SDK/startup/startup_mk64f12.o
                0x00001848                FTM1_IRQHandler
 .text.FTM2_IRQHandler
                0x00001850        0x8 ./SDK/startup/startup_mk64f12.o
                0x00001850                FTM2_IRQHandler
 .text.CMT_IRQHandler
                0x00001858        0x8 ./SDK/startup/startup_mk64f12.o
                0x00001858                CMT_IRQHandler
 .text.RTC_IRQHandler
                0x00001860        0x8 ./SDK/startup/startup_mk64f12.o
                0x00001860                RTC_IRQHandler
 .text.RTC_Seconds_IRQHandler
                0x00001868        0x8 ./SDK/startup/startup_mk64f12.o
                0x00001868                RTC_Seconds_IRQHandler
 .text.PIT0_IRQHandler
                0x00001870        0x8 ./SDK/startup/startup_mk64f12.o
                0x00001870                PIT0_IRQHandler
 .text.PIT1_IRQHandler
                0x00001878        0x8 ./SDK/startup/startup_mk64f12.o
                0x00001878                PIT1_IRQHandler
 .text.PIT2_IRQHandler
                0x00001880        0x8 ./SDK/startup/startup_mk64f12.o
                0x00001880                PIT2_IRQHandler
 .text.PIT3_IRQHandler
                0x00001888        0x8 ./SDK/startup/startup_mk64f12.o
                0x00001888                PIT3_IRQHandler
 .text.PDB0_IRQHandler
                0x00001890        0x8 ./SDK/startup/startup_mk64f12.o
                0x00001890                PDB0_IRQHandler
 .text.USB0_IRQHandler
                0x00001898        0x8 ./SDK/startup/startup_mk64f12.o
                0x00001898                USB0_IRQHandler
 .text.USBDCD_IRQHandler
                0x000018a0        0x8 ./SDK/startup/startup_mk64f12.o
                0x000018a0                USBDCD_IRQHandler
 .text.Reserved71_IRQHandler
                0x000018a8        0x8 ./SDK/startup/startup_mk64f12.o
                0x000018a8                Reserved71_IRQHandler
 .text.DAC0_IRQHandler
                0x000018b0        0x8 ./SDK/startup/startup_mk64f12.o
                0x000018b0                DAC0_IRQHandler
 .text.MCG_IRQHandler
                0x000018b8        0x8 ./SDK/startup/startup_mk64f12.o
                0x000018b8                MCG_IRQHandler
 .text.LPTMR0_IRQHandler
                0x000018c0        0x8 ./SDK/startup/startup_mk64f12.o
                0x000018c0                LPTMR0_IRQHandler
 .text.PORTA_IRQHandler
                0x000018c8        0x8 ./SDK/startup/startup_mk64f12.o
                0x000018c8                PORTA_IRQHandler
 .text.PORTB_IRQHandler
                0x000018d0        0x8 ./SDK/startup/startup_mk64f12.o
                0x000018d0                PORTB_IRQHandler
 .text.PORTD_IRQHandler
                0x000018d8        0x8 ./SDK/startup/startup_mk64f12.o
                0x000018d8                PORTD_IRQHandler
 .text.PORTE_IRQHandler
                0x000018e0        0x8 ./SDK/startup/startup_mk64f12.o
                0x000018e0                PORTE_IRQHandler
 .text.SWI_IRQHandler
                0x000018e8        0x8 ./SDK/startup/startup_mk64f12.o
                0x000018e8                SWI_IRQHandler
 .text.SPI2_IRQHandler
                0x000018f0        0x8 ./SDK/startup/startup_mk64f12.o
                0x000018f0                SPI2_IRQHandler
 .text.UART4_RX_TX_IRQHandler
                0x000018f8        0x8 ./SDK/startup/startup_mk64f12.o
                0x000018f8                UART4_RX_TX_IRQHandler
 .text.UART4_ERR_IRQHandler
                0x00001900        0x8 ./SDK/startup/startup_mk64f12.o
                0x00001900                UART4_ERR_IRQHandler
 .text.UART5_RX_TX_IRQHandler
                0x00001908        0x8 ./SDK/startup/startup_mk64f12.o
                0x00001908                UART5_RX_TX_IRQHandler
 .text.UART5_ERR_IRQHandler
                0x00001910        0x8 ./SDK/startup/startup_mk64f12.o
                0x00001910                UART5_ERR_IRQHandler
 .text.CMP2_IRQHandler
                0x00001918        0x8 ./SDK/startup/startup_mk64f12.o
                0x00001918                CMP2_IRQHandler
 .text.FTM3_IRQHandler
                0x00001920        0x8 ./SDK/startup/startup_mk64f12.o
                0x00001920                FTM3_IRQHandler
 .text.DAC1_IRQHandler
                0x00001928        0x8 ./SDK/startup/startup_mk64f12.o
                0x00001928                DAC1_IRQHandler
 .text.ADC1_IRQHandler
                0x00001930        0x8 ./SDK/startup/startup_mk64f12.o
                0x00001930                ADC1_IRQHandler
 .text.I2C2_IRQHandler
                0x00001938        0x8 ./SDK/startup/startup_mk64f12.o
                0x00001938                I2C2_IRQHandler
 .text.CAN0_ORed_Message_buffer_IRQHandler
                0x00001940        0x8 ./SDK/startup/startup_mk64f12.o
                0x00001940                CAN0_ORed_Message_buffer_IRQHandler
 .text.CAN0_Bus_Off_IRQHandler
                0x00001948        0x8 ./SDK/startup/startup_mk64f12.o
                0x00001948                CAN0_Bus_Off_IRQHandler
 .text.CAN0_Error_IRQHandler
                0x00001950        0x8 ./SDK/startup/startup_mk64f12.o
                0x00001950                CAN0_Error_IRQHandler
 .text.CAN0_Tx_Warning_IRQHandler
                0x00001958        0x8 ./SDK/startup/startup_mk64f12.o
                0x00001958                CAN0_Tx_Warning_IRQHandler
 .text.CAN0_Rx_Warning_IRQHandler
                0x00001960        0x8 ./SDK/startup/startup_mk64f12.o
                0x00001960                CAN0_Rx_Warning_IRQHandler
 .text.CAN0_Wake_Up_IRQHandler
                0x00001968        0x8 ./SDK/startup/startup_mk64f12.o
                0x00001968                CAN0_Wake_Up_IRQHandler
 .text.SDHC_IRQHandler
                0x00001970        0x8 ./SDK/startup/startup_mk64f12.o
                0x00001970                SDHC_IRQHandler
 .text.ENET_1588_Timer_IRQHandler
                0x00001978        0x8 ./SDK/startup/startup_mk64f12.o
                0x00001978                ENET_1588_Timer_IRQHandler
 .text.ENET_Transmit_IRQHandler
                0x00001980        0x8 ./SDK/startup/startup_mk64f12.o
                0x00001980                ENET_Transmit_IRQHandler
 .text.ENET_Receive_IRQHandler
                0x00001988        0x8 ./SDK/startup/startup_mk64f12.o
                0x00001988                ENET_Receive_IRQHandler
 .text.ENET_Error_IRQHandler
                0x00001990        0x8 ./SDK/startup/startup_mk64f12.o
                0x00001990                ENET_Error_IRQHandler
 .text.SystemInitHook
                0x00001998        0xe ./SDK/CMSIS/system_MK64F12.o
                0x00001998                SystemInitHook
 *(SORT_BY_ALIGNMENT(.rodata) SORT_BY_ALIGNMENT(.rodata.*) SORT_BY_ALIGNMENT(.constdata) SORT_BY_ALIGNMENT(.constdata.*))
 *fill*         0x000019a6        0x2 ff
 .rodata.pPorts
                0x000019a8       0x14 ./source/mcal/gpio.o
 .rodata.pGpios
                0x000019bc       0x14 ./source/mcal/gpio.o
                0x000019d0                        . = ALIGN (0x8)

.glue_7         0x000019d0        0x0
 .glue_7        0x000019d0        0x0 linker stubs

.glue_7t        0x000019d0        0x0
 .glue_7t       0x000019d0        0x0 linker stubs

.vfp11_veneer   0x000019d0        0x0
 .vfp11_veneer  0x000019d0        0x0 linker stubs

.v4_bx          0x000019d0        0x0
 .v4_bx         0x000019d0        0x0 linker stubs

.iplt           0x000019d0        0x0
 .iplt          0x000019d0        0x0 ./source/mcal/SysTick.o

.rel.dyn        0x000019d0        0x0
 .rel.iplt      0x000019d0        0x0 ./source/mcal/SysTick.o

.ARM.extab
 *(SORT_BY_ALIGNMENT(.ARM.extab*) SORT_BY_ALIGNMENT(.gnu.linkonce.armextab.*))

.ARM.exidx      0x000019d0        0x0
                0x000019d0                        __exidx_start = .
 *(SORT_BY_ALIGNMENT(.ARM.exidx*) SORT_BY_ALIGNMENT(.gnu.linkonce.armexidx.*))
                0x000019d0                        __exidx_end = .
                0x000019d0                        _etext = .

.m_usb_data
 *(SORT_BY_ALIGNMENT(m_usb_bdt))

.data_RAM2      0x1fff0000        0x0 load address 0x000019d0
 FILL mask 0xff
                [!provide]                        PROVIDE (__start_data_RAM2 = .)
                [!provide]                        PROVIDE (__start_data_SRAM_LOWER = .)
 *(SORT_BY_ALIGNMENT(.ramfunc.$RAM2))
 *(SORT_BY_ALIGNMENT(.ramfunc.$SRAM_LOWER))
 *(SORT_BY_ALIGNMENT(.data.$RAM2))
 *(SORT_BY_ALIGNMENT(.data.$SRAM_LOWER))
 *(SORT_BY_ALIGNMENT(.data.$RAM2.*))
 *(SORT_BY_ALIGNMENT(.data.$SRAM_LOWER.*))
                0x1fff0000                        . = ALIGN (0x8)
                [!provide]                        PROVIDE (__end_data_RAM2 = .)
                [!provide]                        PROVIDE (__end_data_SRAM_LOWER = .)

.data_RAM3      0x14000000        0x0 load address 0x000019d0
 FILL mask 0xff
                [!provide]                        PROVIDE (__start_data_RAM3 = .)
                [!provide]                        PROVIDE (__start_data_FLEX_RAM = .)
 *(SORT_BY_ALIGNMENT(.ramfunc.$RAM3))
 *(SORT_BY_ALIGNMENT(.ramfunc.$FLEX_RAM))
 *(SORT_BY_ALIGNMENT(.data.$RAM3))
 *(SORT_BY_ALIGNMENT(.data.$FLEX_RAM))
 *(SORT_BY_ALIGNMENT(.data.$RAM3.*))
 *(SORT_BY_ALIGNMENT(.data.$FLEX_RAM.*))
                0x14000000                        . = ALIGN (0x8)
                [!provide]                        PROVIDE (__end_data_RAM3 = .)
                [!provide]                        PROVIDE (__end_data_FLEX_RAM = .)

.uninit_RESERVED
                0x20000000        0x0
                0x20000000                        _start_uninit_RESERVED = .
 *(SORT_BY_ALIGNMENT(.bss.$RESERVED*))
                0x20000000                        . = ALIGN (0x8)
                0x20000000                        _end_uninit_RESERVED = .

.data           0x20000000        0x8 load address 0x000019d0
 FILL mask 0xff
                0x20000000                        _data = .
                [!provide]                        PROVIDE (__start_data_RAM = .)
                [!provide]                        PROVIDE (__start_data_SRAM_UPPER = .)
 *(SORT_BY_ALIGNMENT(vtable))
 *(SORT_BY_ALIGNMENT(.ramfunc*))
 *(SORT_BY_ALIGNMENT(CodeQuickAccess))
 *(SORT_BY_ALIGNMENT(DataQuickAccess))
 *(SORT_BY_ALIGNMENT(RamFunction))
 *(SORT_BY_ALIGNMENT(.data*))
 .data.DatosReales
                0x20000000        0x4 ./source/app/App.o
                0x20000000                DatosReales
 .data.SystemCoreClock
                0x20000004        0x4 ./SDK/CMSIS/system_MK64F12.o
                0x20000004                SystemCoreClock
                0x20000008                        . = ALIGN (0x8)
                0x20000008                        _edata = .
                [!provide]                        PROVIDE (__end_data_RAM = .)
                [!provide]                        PROVIDE (__end_data_SRAM_UPPER = .)

.igot.plt       0x20000008        0x0 load address 0x000019d8
 .igot.plt      0x20000008        0x0 ./source/mcal/SysTick.o

.bss_RAM2       0x1fff0000        0x0
                [!provide]                        PROVIDE (__start_bss_RAM2 = .)
                [!provide]                        PROVIDE (__start_bss_SRAM_LOWER = .)
 *(SORT_BY_ALIGNMENT(.bss.$RAM2))
 *(SORT_BY_ALIGNMENT(.bss.$SRAM_LOWER))
 *(SORT_BY_ALIGNMENT(.bss.$RAM2.*))
 *(SORT_BY_ALIGNMENT(.bss.$SRAM_LOWER.*))
                0x1fff0000                        . = ALIGN ((. != 0x0)?0x8:0x1)
                [!provide]                        PROVIDE (__end_bss_RAM2 = .)
                [!provide]                        PROVIDE (__end_bss_SRAM_LOWER = .)

.bss_RAM3       0x14000000        0x0
                [!provide]                        PROVIDE (__start_bss_RAM3 = .)
                [!provide]                        PROVIDE (__start_bss_FLEX_RAM = .)
 *(SORT_BY_ALIGNMENT(.bss.$RAM3))
 *(SORT_BY_ALIGNMENT(.bss.$FLEX_RAM))
 *(SORT_BY_ALIGNMENT(.bss.$RAM3.*))
 *(SORT_BY_ALIGNMENT(.bss.$FLEX_RAM.*))
                0x14000000                        . = ALIGN ((. != 0x0)?0x8:0x1)
                [!provide]                        PROVIDE (__end_bss_RAM3 = .)
                [!provide]                        PROVIDE (__end_bss_FLEX_RAM = .)

.bss            0x20000008      0x1d0
                0x20000008                        _bss = .
                [!provide]                        PROVIDE (__start_bss_RAM = .)
                [!provide]                        PROVIDE (__start_bss_SRAM_UPPER = .)
 *(SORT_BY_ALIGNMENT(.bss*))
 .bss.interruptions
                0x20000008       0x40 ./source/mcal/SysTick.o
 .bss.isr_count
                0x20000048        0x4 ./source/mcal/SysTick.o
 .bss.pisr_registered
                0x2000004c        0x4 ./source/mcal/SysTick.o
 .bss.pCallBackList
                0x20000050       0xa0 ./source/hal/IRQN_Ports.o
                0x20000050                pCallBackList
 .bss.bitBuffer
                0x200000f0       0x50 ./source/hal/card.o
 .bss.bitCount  0x20000140        0x4 ./source/hal/card.o
 .bss.lastBitTime
                0x20000144        0x4 ./source/hal/card.o
                0x20000144                lastBitTime
 .bss.timeoutCounter
                0x20000148        0x4 ./source/hal/card.o
                0x20000148                timeoutCounter
 .bss.id        0x2000014c        0x8 ./source/hal/card.o
                0x2000014c                id
 .bss.lastCard  0x20000154        0x4 ./source/hal/card.o
 .bss.ESIdx     0x20000158        0x4 ./source/hal/card.o
 .bss.encoderData
                0x2000015c       0x64 ./source/hal/wheel.o
 .bss.idx       0x200001c0        0x4 ./source/hal/wheel.o
 .bss.timeCounter
                0x200001c4        0x4 ./source/hal/wheel.o
 .bss.DatosDeCardRead
                0x200001c8        0x4 ./source/app/App.o
                0x200001c8                DatosDeCardRead
 .bss.__LDM_interruptDisableCount
                0x200001cc        0x4 ./SDK/startup/hardware.o
 .bss.receiving
                0x200001d0        0x1 ./source/hal/card.o
 .bss.cardIsReadyFlag
                0x200001d1        0x1 ./source/hal/card.o
 .bss.firstSSBit
                0x200001d2        0x1 ./source/hal/card.o
 .bss.flagES    0x200001d3        0x1 ./source/hal/card.o
 .bss.shiftReg.1
                0x200001d4        0x1 ./source/hal/card.o
 .bss.shiftCount.0
                0x200001d5        0x1 ./source/hal/card.o
 *(SORT_BY_ALIGNMENT(COMMON))
                0x200001d8                        . = ALIGN (0x8)
 *fill*         0x200001d6        0x2 
                0x200001d8                        _ebss = .
                [!provide]                        PROVIDE (__end_bss_RAM = .)
                [!provide]                        PROVIDE (__end_bss_SRAM_UPPER = .)
                [!provide]                        PROVIDE (end = .)

.noinit_RAM2    0x1fff0000        0x0
                [!provide]                        PROVIDE (__start_noinit_RAM2 = .)
                [!provide]                        PROVIDE (__start_noinit_SRAM_LOWER = .)
 *(SORT_BY_ALIGNMENT(.noinit.$RAM2))
 *(SORT_BY_ALIGNMENT(.noinit.$SRAM_LOWER))
 *(SORT_BY_ALIGNMENT(.noinit.$RAM2.*))
 *(SORT_BY_ALIGNMENT(.noinit.$SRAM_LOWER.*))
                0x1fff0000                        . = ALIGN (0x8)
                [!provide]                        PROVIDE (__end_noinit_RAM2 = .)
                [!provide]                        PROVIDE (__end_noinit_SRAM_LOWER = .)

.noinit_RAM3    0x14000000        0x0
                [!provide]                        PROVIDE (__start_noinit_RAM3 = .)
                [!provide]                        PROVIDE (__start_noinit_FLEX_RAM = .)
 *(SORT_BY_ALIGNMENT(.noinit.$RAM3))
 *(SORT_BY_ALIGNMENT(.noinit.$FLEX_RAM))
 *(SORT_BY_ALIGNMENT(.noinit.$RAM3.*))
 *(SORT_BY_ALIGNMENT(.noinit.$FLEX_RAM.*))
                0x14000000                        . = ALIGN (0x8)
                [!provide]                        PROVIDE (__end_noinit_RAM3 = .)
                [!provide]                        PROVIDE (__end_noinit_FLEX_RAM = .)

.noinit         0x200001d8        0x0
                0x200001d8                        _noinit = .
                [!provide]                        PROVIDE (__start_noinit_RAM = .)
                [!provide]                        PROVIDE (__start_noinit_SRAM_UPPER = .)
 *(SORT_BY_ALIGNMENT(.noinit*))
                0x200001d8                        . = ALIGN (0x8)
                0x200001d8                        _end_noinit = .
                [!provide]                        PROVIDE (__end_noinit_RAM = .)
                [!provide]                        PROVIDE (__end_noinit_SRAM_UPPER = .)
                0x00001000                        _HeapSize = 0x1000

.heap           0x200001d8     0x1000
                0x200001d8                        _pvHeapStart = .
                0x200011d8                        . = (. + _HeapSize)
 *fill*         0x200001d8     0x1000 
                0x200011d8                        . = ALIGN (0x8)
                0x200011d8                        _pvHeapLimit = .
                0x00001000                        _StackSize = 0x1000

.heap2stackfill
                0x200011d8     0x1000
                0x200021d8                        . = (. + _StackSize)
 *fill*         0x200011d8     0x1000 

.stack          0x2002f000        0x0
                0x2002f000                        _vStackBase = .
                0x2002f000                        . = ALIGN (0x8)
                0x20030000                        _vStackTop = (. + _StackSize)
                0x00000000                        _image_start = LOADADDR (.text)
                0x000019d8                        _image_end = (LOADADDR (.data) + SIZEOF (.data))
                0x000019d8                        _image_size = (_image_end - _image_start)
OUTPUT(controlDeAccesos.axf elf32-littlearm)
LOAD linker stubs

.debug_info     0x00000000     0x38c3
 .debug_info    0x00000000      0x20e ./source/mcal/SysTick.o
 .debug_info    0x0000020e      0x709 ./source/mcal/gpio.o
 .debug_info    0x00000917      0x75c ./source/hal/IRQN_Ports.o
 .debug_info    0x00001073      0x682 ./source/hal/card.o
 .debug_info    0x000016f5      0x1ea ./source/hal/leds.o
 .debug_info    0x000018df      0x361 ./source/hal/wheel.o
 .debug_info    0x00001c40      0x1a0 ./source/app/App.o
 .debug_info    0x00001de0      0x6b2 ./SDK/startup/hardware.o
 .debug_info    0x00002492       0xae ./SDK/startup/main.o
 .debug_info    0x00002540       0x3c ./SDK/startup/semihost_hardfault.o
 .debug_info    0x0000257c      0xd0c ./SDK/startup/startup_mk64f12.o
 .debug_info    0x00003288      0x63b ./SDK/CMSIS/system_MK64F12.o

.debug_abbrev   0x00000000      0xf57
 .debug_abbrev  0x00000000      0x164 ./source/mcal/SysTick.o
 .debug_abbrev  0x00000164      0x17c ./source/mcal/gpio.o
 .debug_abbrev  0x000002e0      0x1d9 ./source/hal/IRQN_Ports.o
 .debug_abbrev  0x000004b9      0x2ab ./source/hal/card.o
 .debug_abbrev  0x00000764       0xdf ./source/hal/leds.o
 .debug_abbrev  0x00000843      0x1a3 ./source/hal/wheel.o
 .debug_abbrev  0x000009e6       0xd4 ./source/app/App.o
 .debug_abbrev  0x00000aba      0x12e ./SDK/startup/hardware.o
 .debug_abbrev  0x00000be8       0x5c ./SDK/startup/main.o
 .debug_abbrev  0x00000c44       0x31 ./SDK/startup/semihost_hardfault.o
 .debug_abbrev  0x00000c75      0x19a ./SDK/startup/startup_mk64f12.o
 .debug_abbrev  0x00000e0f      0x148 ./SDK/CMSIS/system_MK64F12.o

.debug_aranges  0x00000000      0x5b0
 .debug_aranges
                0x00000000       0x30 ./source/mcal/SysTick.o
 .debug_aranges
                0x00000030       0x60 ./source/mcal/gpio.o
 .debug_aranges
                0x00000090       0x48 ./source/hal/IRQN_Ports.o
 .debug_aranges
                0x000000d8       0x78 ./source/hal/card.o
 .debug_aranges
                0x00000150       0x38 ./source/hal/leds.o
 .debug_aranges
                0x00000188       0x30 ./source/hal/wheel.o
 .debug_aranges
                0x000001b8       0x28 ./source/app/App.o
 .debug_aranges
                0x000001e0       0x30 ./SDK/startup/hardware.o
 .debug_aranges
                0x00000210       0x20 ./SDK/startup/main.o
 .debug_aranges
                0x00000230       0x20 ./SDK/startup/semihost_hardfault.o
 .debug_aranges
                0x00000250      0x330 ./SDK/startup/startup_mk64f12.o
 .debug_aranges
                0x00000580       0x30 ./SDK/CMSIS/system_MK64F12.o

.debug_ranges   0x00000000      0x4f0
 .debug_ranges  0x00000000       0x20 ./source/mcal/SysTick.o
 .debug_ranges  0x00000020       0x50 ./source/mcal/gpio.o
 .debug_ranges  0x00000070       0x38 ./source/hal/IRQN_Ports.o
 .debug_ranges  0x000000a8       0x68 ./source/hal/card.o
 .debug_ranges  0x00000110       0x28 ./source/hal/leds.o
 .debug_ranges  0x00000138       0x20 ./source/hal/wheel.o
 .debug_ranges  0x00000158       0x18 ./source/app/App.o
 .debug_ranges  0x00000170       0x20 ./SDK/startup/hardware.o
 .debug_ranges  0x00000190       0x10 ./SDK/startup/main.o
 .debug_ranges  0x000001a0       0x10 ./SDK/startup/semihost_hardfault.o
 .debug_ranges  0x000001b0      0x320 ./SDK/startup/startup_mk64f12.o
 .debug_ranges  0x000004d0       0x20 ./SDK/CMSIS/system_MK64F12.o

.debug_macro    0x00000000    0x124e9
 .debug_macro   0x00000000       0xab ./source/mcal/SysTick.o
 .debug_macro   0x000000ab      0xad8 ./source/mcal/SysTick.o
 .debug_macro   0x00000b83       0x22 ./source/mcal/SysTick.o
 .debug_macro   0x00000ba5      0x34e ./source/mcal/SysTick.o
 .debug_macro   0x00000ef3       0x10 ./source/mcal/SysTick.o
 .debug_macro   0x00000f03       0x10 ./source/mcal/SysTick.o
 .debug_macro   0x00000f13       0x5c ./source/mcal/SysTick.o
 .debug_macro   0x00000f6f       0x1c ./source/mcal/SysTick.o
 .debug_macro   0x00000f8b       0x22 ./source/mcal/SysTick.o
 .debug_macro   0x00000fad       0xd9 ./source/mcal/SysTick.o
 .debug_macro   0x00001086      0xecf ./source/mcal/SysTick.o
 .debug_macro   0x00001f55       0x48 ./source/mcal/SysTick.o
 .debug_macro   0x00001f9d     0xe07b ./source/mcal/SysTick.o
 .debug_macro   0x00010018     0x122b ./source/mcal/SysTick.o
 .debug_macro   0x00011243       0x16 ./source/mcal/SysTick.o
 .debug_macro   0x00011259       0xab ./source/mcal/gpio.o
 .debug_macro   0x00011304       0x3a ./source/mcal/gpio.o
 .debug_macro   0x0001133e       0xc1 ./source/hal/IRQN_Ports.o
 .debug_macro   0x000113ff      0x1e5 ./source/hal/card.o
 .debug_macro   0x000115e4       0x40 ./source/hal/card.o
 .debug_macro   0x00011624       0x6a ./source/hal/card.o
 .debug_macro   0x0001168e       0x16 ./source/hal/card.o
 .debug_macro   0x000116a4       0x22 ./source/hal/card.o
 .debug_macro   0x000116c6       0x75 ./source/hal/card.o
 .debug_macro   0x0001173b       0x2a ./source/hal/card.o
 .debug_macro   0x00011765       0x94 ./source/hal/card.o
 .debug_macro   0x000117f9       0x3c ./source/hal/card.o
 .debug_macro   0x00011835       0x34 ./source/hal/card.o
 .debug_macro   0x00011869      0x190 ./source/hal/card.o
 .debug_macro   0x000119f9       0x57 ./source/hal/card.o
 .debug_macro   0x00011a50      0x364 ./source/hal/card.o
 .debug_macro   0x00011db4       0x16 ./source/hal/card.o
 .debug_macro   0x00011dca       0x4a ./source/hal/card.o
 .debug_macro   0x00011e14       0x34 ./source/hal/card.o
 .debug_macro   0x00011e48       0x10 ./source/hal/card.o
 .debug_macro   0x00011e58       0x58 ./source/hal/card.o
 .debug_macro   0x00011eb0      0x1e5 ./source/hal/card.o
 .debug_macro   0x00012095       0x10 ./source/hal/card.o
 .debug_macro   0x000120a5       0x3c ./source/hal/card.o
 .debug_macro   0x000120e1       0x49 ./source/hal/leds.o
 .debug_macro   0x0001212a       0x70 ./source/hal/leds.o
 .debug_macro   0x0001219a       0x7c ./source/hal/wheel.o
 .debug_macro   0x00012216       0xb1 ./source/app/App.o
 .debug_macro   0x000122c7       0x10 ./source/app/App.o
 .debug_macro   0x000122d7       0x10 ./source/app/App.o
 .debug_macro   0x000122e7       0x10 ./source/app/App.o
 .debug_macro   0x000122f7       0x9c ./SDK/startup/hardware.o
 .debug_macro   0x00012393       0x9c ./SDK/startup/main.o
 .debug_macro   0x0001242f       0x11 ./SDK/startup/semihost_hardfault.o
 .debug_macro   0x00012440       0x29 ./SDK/startup/startup_mk64f12.o
 .debug_macro   0x00012469       0x80 ./SDK/CMSIS/system_MK64F12.o

.debug_line     0x00000000     0x2a3d
 .debug_line    0x00000000      0x257 ./source/mcal/SysTick.o
 .debug_line    0x00000257      0x3cb ./source/mcal/gpio.o
 .debug_line    0x00000622      0x2df ./source/hal/IRQN_Ports.o
 .debug_line    0x00000901      0x864 ./source/hal/card.o
 .debug_line    0x00001165      0x1ed ./source/hal/leds.o
 .debug_line    0x00001352      0x2f0 ./source/hal/wheel.o
 .debug_line    0x00001642      0x221 ./source/app/App.o
 .debug_line    0x00001863      0x2ab ./SDK/startup/hardware.o
 .debug_line    0x00001b0e      0x1ab ./SDK/startup/main.o
 .debug_line    0x00001cb9       0x5f ./SDK/startup/semihost_hardfault.o
 .debug_line    0x00001d18      0xa0d ./SDK/startup/startup_mk64f12.o
 .debug_line    0x00002725      0x318 ./SDK/CMSIS/system_MK64F12.o

.debug_str      0x00000000    0x7bb9a
 .debug_str     0x00000000    0x7bb9a ./source/mcal/SysTick.o
                              0x77210 (size before relaxing)
 .debug_str     0x0007bb9a    0x773c7 ./source/mcal/gpio.o
 .debug_str     0x0007bb9a    0x77840 ./source/hal/IRQN_Ports.o
 .debug_str     0x0007bb9a    0x7a903 ./source/hal/card.o
 .debug_str     0x0007bb9a     0x3ca6 ./source/hal/leds.o
 .debug_str     0x0007bb9a     0x3e22 ./source/hal/wheel.o
 .debug_str     0x0007bb9a     0x3dc2 ./source/app/App.o
 .debug_str     0x0007bb9a    0x7734a ./SDK/startup/hardware.o
 .debug_str     0x0007bb9a    0x77157 ./SDK/startup/main.o
 .debug_str     0x0007bb9a     0x2ebe ./SDK/startup/semihost_hardfault.o
 .debug_str     0x0007bb9a     0x374a ./SDK/startup/startup_mk64f12.o
 .debug_str     0x0007bb9a    0x77269 ./SDK/CMSIS/system_MK64F12.o

.comment        0x00000000       0x45
 .comment       0x00000000       0x45 ./source/mcal/SysTick.o
                                 0x46 (size before relaxing)
 .comment       0x00000045       0x46 ./source/mcal/gpio.o
 .comment       0x00000045       0x46 ./source/hal/IRQN_Ports.o
 .comment       0x00000045       0x46 ./source/hal/card.o
 .comment       0x00000045       0x46 ./source/hal/leds.o
 .comment       0x00000045       0x46 ./source/hal/wheel.o
 .comment       0x00000045       0x46 ./source/app/App.o
 .comment       0x00000045       0x46 ./SDK/startup/hardware.o
 .comment       0x00000045       0x46 ./SDK/startup/main.o
 .comment       0x00000045       0x46 ./SDK/startup/semihost_hardfault.o
 .comment       0x00000045       0x46 ./SDK/startup/startup_mk64f12.o
 .comment       0x00000045       0x46 ./SDK/CMSIS/system_MK64F12.o

.ARM.attributes
                0x00000000       0x34
 .ARM.attributes
                0x00000000       0x34 ./source/mcal/SysTick.o
 .ARM.attributes
                0x00000034       0x34 ./source/mcal/gpio.o
 .ARM.attributes
                0x00000068       0x34 ./source/hal/IRQN_Ports.o
 .ARM.attributes
                0x0000009c       0x34 ./source/hal/card.o
 .ARM.attributes
                0x000000d0       0x34 ./source/hal/leds.o
 .ARM.attributes
                0x00000104       0x34 ./source/hal/wheel.o
 .ARM.attributes
                0x00000138       0x34 ./source/app/App.o
 .ARM.attributes
                0x0000016c       0x34 ./SDK/startup/hardware.o
 .ARM.attributes
                0x000001a0       0x34 ./SDK/startup/main.o
 .ARM.attributes
                0x000001d4       0x34 ./SDK/startup/semihost_hardfault.o
 .ARM.attributes
                0x00000208       0x34 ./SDK/startup/startup_mk64f12.o
 .ARM.attributes
                0x0000023c       0x34 ./SDK/CMSIS/system_MK64F12.o

.debug_frame    0x00000000     0x1044
 .debug_frame   0x00000000       0x90 ./source/mcal/SysTick.o
 .debug_frame   0x00000090      0x178 ./source/mcal/gpio.o
 .debug_frame   0x00000208       0xf8 ./source/hal/IRQN_Ports.o
 .debug_frame   0x00000300      0x1b4 ./source/hal/card.o
 .debug_frame   0x000004b4       0xa0 ./source/hal/leds.o
 .debug_frame   0x00000554       0x74 ./source/hal/wheel.o
 .debug_frame   0x000005c8       0x48 ./source/app/App.o
 .debug_frame   0x00000610       0x70 ./SDK/startup/hardware.o
 .debug_frame   0x00000680       0x2c ./SDK/startup/main.o
 .debug_frame   0x000006ac       0x20 ./SDK/startup/semihost_hardfault.o
 .debug_frame   0x000006cc      0x904 ./SDK/startup/startup_mk64f12.o
 .debug_frame   0x00000fd0       0x74 ./SDK/CMSIS/system_MK64F12.o

.debug_loc      0x00000000      0x1f9
 .debug_loc     0x00000000      0x1f9 ./SDK/startup/startup_mk64f12.o
