
Discarded input sections

 .group         0x00000000        0xc ./source/mcal/SysTick.o
 .group         0x00000000        0xc ./source/mcal/SysTick.o
 .group         0x00000000        0xc ./source/mcal/SysTick.o
 .group         0x00000000        0xc ./source/mcal/SysTick.o
 .group         0x00000000        0xc ./source/mcal/SysTick.o
 .group         0x00000000        0xc ./source/mcal/SysTick.o
 .group         0x00000000        0xc ./source/mcal/SysTick.o
 .group         0x00000000        0xc ./source/mcal/SysTick.o
 .group         0x00000000        0xc ./source/mcal/SysTick.o
 .group         0x00000000        0xc ./source/mcal/SysTick.o
 .group         0x00000000        0xc ./source/mcal/SysTick.o
 .group         0x00000000        0xc ./source/mcal/SysTick.o
 .group         0x00000000        0xc ./source/mcal/SysTick.o
 .group         0x00000000        0xc ./source/mcal/SysTick.o
 .text          0x00000000        0x0 ./source/mcal/SysTick.o
 .data          0x00000000        0x0 ./source/mcal/SysTick.o
 .bss           0x00000000        0x0 ./source/mcal/SysTick.o
 .text.pisr_register
                0x00000000       0x58 ./source/mcal/SysTick.o
 .text.SysTick_Init
                0x00000000       0x44 ./source/mcal/SysTick.o
 .group         0x00000000        0xc ./source/mcal/gpio.o
 .group         0x00000000        0xc ./source/mcal/gpio.o
 .group         0x00000000        0xc ./source/mcal/gpio.o
 .group         0x00000000        0xc ./source/mcal/gpio.o
 .group         0x00000000        0xc ./source/mcal/gpio.o
 .group         0x00000000        0xc ./source/mcal/gpio.o
 .group         0x00000000        0xc ./source/mcal/gpio.o
 .group         0x00000000        0xc ./source/mcal/gpio.o
 .group         0x00000000        0xc ./source/mcal/gpio.o
 .group         0x00000000        0xc ./source/mcal/gpio.o
 .group         0x00000000        0xc ./source/mcal/gpio.o
 .group         0x00000000        0xc ./source/mcal/gpio.o
 .group         0x00000000        0xc ./source/mcal/gpio.o
 .group         0x00000000        0xc ./source/mcal/gpio.o
 .text          0x00000000        0x0 ./source/mcal/gpio.o
 .data          0x00000000        0x0 ./source/mcal/gpio.o
 .bss           0x00000000        0x0 ./source/mcal/gpio.o
 .rodata.pPorts
                0x00000000       0x14 ./source/mcal/gpio.o
 .text.gpioInit
                0x00000000       0xd4 ./source/mcal/gpio.o
 .text.gpioMode
                0x00000000       0x90 ./source/mcal/gpio.o
 .text.gpioToggle
                0x00000000       0x3c ./source/mcal/gpio.o
 .text.gpioRead
                0x00000000       0x48 ./source/mcal/gpio.o
 .text.fallingEdgeIRQC
                0x00000000       0x68 ./source/mcal/gpio.o
 .text.risingEdgeIRQC
                0x00000000       0x68 ./source/mcal/gpio.o
 .text.gpioPullUp
                0x00000000       0x48 ./source/mcal/gpio.o
 .text.cleanFlags
                0x00000000       0xdc ./source/mcal/gpio.o
 .debug_macro   0x00000000      0xad8 ./source/mcal/gpio.o
 .debug_macro   0x00000000      0x34e ./source/mcal/gpio.o
 .debug_macro   0x00000000       0x22 ./source/mcal/gpio.o
 .debug_macro   0x00000000       0x10 ./source/mcal/gpio.o
 .debug_macro   0x00000000       0x5c ./source/mcal/gpio.o
 .debug_macro   0x00000000       0x1c ./source/mcal/gpio.o
 .debug_macro   0x00000000       0x22 ./source/mcal/gpio.o
 .debug_macro   0x00000000       0xd9 ./source/mcal/gpio.o
 .debug_macro   0x00000000      0xecf ./source/mcal/gpio.o
 .debug_macro   0x00000000       0x48 ./source/mcal/gpio.o
 .debug_macro   0x00000000     0xe07b ./source/mcal/gpio.o
 .debug_macro   0x00000000     0x122b ./source/mcal/gpio.o
 .debug_macro   0x00000000       0x16 ./source/mcal/gpio.o
 .group         0x00000000        0xc ./source/hal/IRQN_Ports.o
 .group         0x00000000        0xc ./source/hal/IRQN_Ports.o
 .group         0x00000000        0xc ./source/hal/IRQN_Ports.o
 .group         0x00000000        0xc ./source/hal/IRQN_Ports.o
 .group         0x00000000        0xc ./source/hal/IRQN_Ports.o
 .group         0x00000000        0xc ./source/hal/IRQN_Ports.o
 .group         0x00000000        0xc ./source/hal/IRQN_Ports.o
 .group         0x00000000        0xc ./source/hal/IRQN_Ports.o
 .group         0x00000000        0xc ./source/hal/IRQN_Ports.o
 .group         0x00000000        0xc ./source/hal/IRQN_Ports.o
 .group         0x00000000        0xc ./source/hal/IRQN_Ports.o
 .group         0x00000000        0xc ./source/hal/IRQN_Ports.o
 .group         0x00000000        0xc ./source/hal/IRQN_Ports.o
 .group         0x00000000        0xc ./source/hal/IRQN_Ports.o
 .group         0x00000000        0xc ./source/hal/IRQN_Ports.o
 .text          0x00000000        0x0 ./source/hal/IRQN_Ports.o
 .data          0x00000000        0x0 ./source/hal/IRQN_Ports.o
 .bss           0x00000000        0x0 ./source/hal/IRQN_Ports.o
 .text.__NVIC_EnableIRQ
                0x00000000       0x3c ./source/hal/IRQN_Ports.o
 .text.__NVIC_ClearPendingIRQ
                0x00000000       0x3c ./source/hal/IRQN_Ports.o
 .text.__NVIC_SetPriority
                0x00000000       0x54 ./source/hal/IRQN_Ports.o
 .text.setCallbacks
                0x00000000       0x30 ./source/hal/IRQN_Ports.o
 .text.init_nvic
                0x00000000       0xbc ./source/hal/IRQN_Ports.o
 .debug_macro   0x00000000      0xad8 ./source/hal/IRQN_Ports.o
 .debug_macro   0x00000000      0x34e ./source/hal/IRQN_Ports.o
 .debug_macro   0x00000000       0x22 ./source/hal/IRQN_Ports.o
 .debug_macro   0x00000000       0x3a ./source/hal/IRQN_Ports.o
 .debug_macro   0x00000000       0x10 ./source/hal/IRQN_Ports.o
 .debug_macro   0x00000000       0x5c ./source/hal/IRQN_Ports.o
 .debug_macro   0x00000000       0x1c ./source/hal/IRQN_Ports.o
 .debug_macro   0x00000000       0x22 ./source/hal/IRQN_Ports.o
 .debug_macro   0x00000000       0xd9 ./source/hal/IRQN_Ports.o
 .debug_macro   0x00000000      0xecf ./source/hal/IRQN_Ports.o
 .debug_macro   0x00000000       0x48 ./source/hal/IRQN_Ports.o
 .debug_macro   0x00000000     0xe07b ./source/hal/IRQN_Ports.o
 .debug_macro   0x00000000     0x122b ./source/hal/IRQN_Ports.o
 .debug_macro   0x00000000       0x16 ./source/hal/IRQN_Ports.o
 .group         0x00000000        0xc ./source/hal/card.o
 .group         0x00000000        0xc ./source/hal/card.o
 .group         0x00000000        0xc ./source/hal/card.o
 .group         0x00000000        0xc ./source/hal/card.o
 .group         0x00000000        0xc ./source/hal/card.o
 .group         0x00000000        0xc ./source/hal/card.o
 .group         0x00000000        0xc ./source/hal/card.o
 .group         0x00000000        0xc ./source/hal/card.o
 .group         0x00000000        0xc ./source/hal/card.o
 .group         0x00000000        0xc ./source/hal/card.o
 .group         0x00000000        0xc ./source/hal/card.o
 .group         0x00000000        0xc ./source/hal/card.o
 .group         0x00000000        0xc ./source/hal/card.o
 .group         0x00000000        0xc ./source/hal/card.o
 .group         0x00000000        0xc ./source/hal/card.o
 .group         0x00000000        0xc ./source/hal/card.o
 .group         0x00000000        0xc ./source/hal/card.o
 .group         0x00000000        0xc ./source/hal/card.o
 .group         0x00000000        0xc ./source/hal/card.o
 .group         0x00000000        0xc ./source/hal/card.o
 .group         0x00000000        0xc ./source/hal/card.o
 .group         0x00000000        0xc ./source/hal/card.o
 .group         0x00000000        0xc ./source/hal/card.o
 .group         0x00000000        0xc ./source/hal/card.o
 .group         0x00000000        0xc ./source/hal/card.o
 .group         0x00000000        0xc ./source/hal/card.o
 .group         0x00000000        0xc ./source/hal/card.o
 .group         0x00000000        0xc ./source/hal/card.o
 .group         0x00000000        0xc ./source/hal/card.o
 .group         0x00000000        0xc ./source/hal/card.o
 .group         0x00000000        0xc ./source/hal/card.o
 .group         0x00000000        0xc ./source/hal/card.o
 .group         0x00000000        0xc ./source/hal/card.o
 .text          0x00000000        0x0 ./source/hal/card.o
 .data          0x00000000        0x0 ./source/hal/card.o
 .bss           0x00000000        0x0 ./source/hal/card.o
 .bss.debugCounter
                0x00000000        0x4 ./source/hal/card.o
 .bss.myString  0x00000000      0x1f4 ./source/hal/card.o
 .bss.bitBuffer
                0x00000000       0x50 ./source/hal/card.o
 .bss.bitCount  0x00000000        0x4 ./source/hal/card.o
 .bss.cardDataReady
                0x00000000        0x1 ./source/hal/card.o
 .bss.lastBitTime
                0x00000000        0x4 ./source/hal/card.o
 .bss.timeoutCounter
                0x00000000        0x4 ./source/hal/card.o
 .bss.receiving
                0x00000000        0x1 ./source/hal/card.o
 .bss.cardIsReadyFlag
                0x00000000        0x1 ./source/hal/card.o
 .bss.id        0x00000000        0x8 ./source/hal/card.o
 .bss.lastCard  0x00000000        0x4 ./source/hal/card.o
 .bss.firstSSBit
                0x00000000        0x1 ./source/hal/card.o
 .bss.flagES    0x00000000        0x1 ./source/hal/card.o
 .bss.ESIdx     0x00000000        0x4 ./source/hal/card.o
 .text.cardInit
                0x00000000       0xb0 ./source/hal/card.o
 .text.timerForTimeout
                0x00000000       0x28 ./source/hal/card.o
 .text.cardHandler
                0x00000000      0x248 ./source/hal/card.o
 .text.processIdData
                0x00000000      0x1e0 ./source/hal/card.o
 .text.get_char_from_bits
                0x00000000       0x6c ./source/hal/card.o
 .text.make_char
                0x00000000       0x26 ./source/hal/card.o
 .text.cleanBufferAndId
                0x00000000       0x54 ./source/hal/card.o
 .text.calculateIdNumber
                0x00000000       0x64 ./source/hal/card.o
 .text.checkTimeout
                0x00000000       0x70 ./source/hal/card.o
 .text.cardAvailable
                0x00000000       0x18 ./source/hal/card.o
 .text.processCardData
                0x00000000       0x4c ./source/hal/card.o
 .text.cardRead
                0x00000000       0x4c ./source/hal/card.o
 .bss.shiftReg.1
                0x00000000        0x1 ./source/hal/card.o
 .bss.shiftCount.0
                0x00000000        0x1 ./source/hal/card.o
 .debug_info    0x00000000      0x6ae ./source/hal/card.o
 .debug_abbrev  0x00000000      0x2ab ./source/hal/card.o
 .debug_aranges
                0x00000000       0x78 ./source/hal/card.o
 .debug_ranges  0x00000000       0x68 ./source/hal/card.o
 .debug_macro   0x00000000      0x1df ./source/hal/card.o
 .debug_macro   0x00000000      0xad8 ./source/hal/card.o
 .debug_macro   0x00000000       0x22 ./source/hal/card.o
 .debug_macro   0x00000000      0x34e ./source/hal/card.o
 .debug_macro   0x00000000       0x40 ./source/hal/card.o
 .debug_macro   0x00000000       0x70 ./source/hal/card.o
 .debug_macro   0x00000000       0x10 ./source/hal/card.o
 .debug_macro   0x00000000       0x5c ./source/hal/card.o
 .debug_macro   0x00000000       0x1c ./source/hal/card.o
 .debug_macro   0x00000000       0x22 ./source/hal/card.o
 .debug_macro   0x00000000       0xd9 ./source/hal/card.o
 .debug_macro   0x00000000      0xecf ./source/hal/card.o
 .debug_macro   0x00000000       0x48 ./source/hal/card.o
 .debug_macro   0x00000000     0xe07b ./source/hal/card.o
 .debug_macro   0x00000000     0x122b ./source/hal/card.o
 .debug_macro   0x00000000       0x16 ./source/hal/card.o
 .debug_macro   0x00000000       0x16 ./source/hal/card.o
 .debug_macro   0x00000000       0x22 ./source/hal/card.o
 .debug_macro   0x00000000       0x75 ./source/hal/card.o
 .debug_macro   0x00000000       0x2a ./source/hal/card.o
 .debug_macro   0x00000000       0x94 ./source/hal/card.o
 .debug_macro   0x00000000       0x3c ./source/hal/card.o
 .debug_macro   0x00000000       0x34 ./source/hal/card.o
 .debug_macro   0x00000000      0x190 ./source/hal/card.o
 .debug_macro   0x00000000       0x57 ./source/hal/card.o
 .debug_macro   0x00000000      0x364 ./source/hal/card.o
 .debug_macro   0x00000000       0x16 ./source/hal/card.o
 .debug_macro   0x00000000       0x4a ./source/hal/card.o
 .debug_macro   0x00000000       0x34 ./source/hal/card.o
 .debug_macro   0x00000000       0x10 ./source/hal/card.o
 .debug_macro   0x00000000       0x58 ./source/hal/card.o
 .debug_macro   0x00000000      0x1e5 ./source/hal/card.o
 .debug_macro   0x00000000       0x10 ./source/hal/card.o
 .debug_macro   0x00000000       0x3c ./source/hal/card.o
 .debug_line    0x00000000      0x889 ./source/hal/card.o
 .debug_str     0x00000000    0x7a924 ./source/hal/card.o
 .comment       0x00000000       0x46 ./source/hal/card.o
 .debug_frame   0x00000000      0x1b0 ./source/hal/card.o
 .ARM.attributes
                0x00000000       0x34 ./source/hal/card.o
 .group         0x00000000        0xc ./source/hal/display.o
 .group         0x00000000        0xc ./source/hal/display.o
 .group         0x00000000        0xc ./source/hal/display.o
 .group         0x00000000        0xc ./source/hal/display.o
 .group         0x00000000        0xc ./source/hal/display.o
 .text          0x00000000        0x0 ./source/hal/display.o
 .data          0x00000000        0x0 ./source/hal/display.o
 .bss           0x00000000        0x0 ./source/hal/display.o
 .bss.digits    0x00000000        0x4 ./source/hal/display.o
 .bss.displayString
                0x00000000       0x34 ./source/hal/display.o
 .bss.displayStringLen
                0x00000000        0x1 ./source/hal/display.o
 .data.dutyPercentage
                0x00000000        0x1 ./source/hal/display.o
 .bss.digitBlink
                0x00000000        0x4 ./source/hal/display.o
 .bss.blinkBuf  0x00000000        0x4 ./source/hal/display.o
 .bss.leds      0x00000000        0x3 ./source/hal/display.o
 .text.initDisplay
                0x00000000       0x28 ./source/hal/display.o
 .text.getDutyPercentage
                0x00000000       0x18 ./source/hal/display.o
 .text.setDutyPercentage
                0x00000000       0x2c ./source/hal/display.o
 .text.turnOnDisplayLed
                0x00000000       0x2c ./source/hal/display.o
 .text.turnOffDisplayLed
                0x00000000       0x2c ./source/hal/display.o
 .text.enableDot
                0x00000000       0x4c ./source/hal/display.o
 .text.writeSegments
                0x00000000       0x34 ./source/hal/display.o
 .data.char2segments
                0x00000000       0x60 ./source/hal/display.o
 .text.writeCharacter
                0x00000000       0x3c ./source/hal/display.o
 .text.writeString
                0x00000000       0xa0 ./source/hal/display.o
 .text.cleanDisplay
                0x00000000       0x68 ./source/hal/display.o
 .text.updateDisplay
                0x00000000      0x100 ./source/hal/display.o
 .text.updateDisplayRegisters
                0x00000000       0x6c ./source/hal/display.o
 .text.updateSlideAndBlink
                0x00000000      0x118 ./source/hal/display.o
 .bss.currentDigit.3
                0x00000000        0x1 ./source/hal/display.o
 .bss.duty.2    0x00000000        0x4 ./source/hal/display.o
 .bss.currentLed.1
                0x00000000        0x1 ./source/hal/display.o
 .bss.slideIdx.0
                0x00000000        0x1 ./source/hal/display.o
 .debug_info    0x00000000      0x549 ./source/hal/display.o
 .debug_abbrev  0x00000000      0x1f8 ./source/hal/display.o
 .debug_aranges
                0x00000000       0x80 ./source/hal/display.o
 .debug_ranges  0x00000000       0x70 ./source/hal/display.o
 .debug_macro   0x00000000       0x85 ./source/hal/display.o
 .debug_macro   0x00000000      0xad8 ./source/hal/display.o
 .debug_macro   0x00000000       0x22 ./source/hal/display.o
 .debug_macro   0x00000000      0x34e ./source/hal/display.o
 .debug_macro   0x00000000       0x10 ./source/hal/display.o
 .debug_macro   0x00000000       0x16 ./source/hal/display.o
 .debug_line    0x00000000      0x46d ./source/hal/display.o
 .debug_str     0x00000000     0x3cca ./source/hal/display.o
 .comment       0x00000000       0x46 ./source/hal/display.o
 .debug_frame   0x00000000      0x1f8 ./source/hal/display.o
 .ARM.attributes
                0x00000000       0x34 ./source/hal/display.o
 .group         0x00000000        0xc ./source/hal/leds.o
 .group         0x00000000        0xc ./source/hal/leds.o
 .group         0x00000000        0xc ./source/hal/leds.o
 .group         0x00000000        0xc ./source/hal/leds.o
 .group         0x00000000        0xc ./source/hal/leds.o
 .text          0x00000000        0x0 ./source/hal/leds.o
 .data          0x00000000        0x0 ./source/hal/leds.o
 .bss           0x00000000        0x0 ./source/hal/leds.o
 .text.ledsInit
                0x00000000       0x78 ./source/hal/leds.o
 .text.ledOn    0x00000000       0xf0 ./source/hal/leds.o
 .text.ledOff   0x00000000       0xa8 ./source/hal/leds.o
 .text.ledToggle
                0x00000000       0x90 ./source/hal/leds.o
 .debug_info    0x00000000      0x1ea ./source/hal/leds.o
 .debug_abbrev  0x00000000       0xdf ./source/hal/leds.o
 .debug_aranges
                0x00000000       0x38 ./source/hal/leds.o
 .debug_ranges  0x00000000       0x28 ./source/hal/leds.o
 .debug_macro   0x00000000       0x49 ./source/hal/leds.o
 .debug_macro   0x00000000      0xad8 ./source/hal/leds.o
 .debug_macro   0x00000000      0x34e ./source/hal/leds.o
 .debug_macro   0x00000000       0x22 ./source/hal/leds.o
 .debug_macro   0x00000000       0x40 ./source/hal/leds.o
 .debug_macro   0x00000000       0x76 ./source/hal/leds.o
 .debug_line    0x00000000      0x1ed ./source/hal/leds.o
 .debug_str     0x00000000     0x3cde ./source/hal/leds.o
 .comment       0x00000000       0x46 ./source/hal/leds.o
 .debug_frame   0x00000000       0xa0 ./source/hal/leds.o
 .ARM.attributes
                0x00000000       0x34 ./source/hal/leds.o
 .group         0x00000000        0xc ./source/hal/shift.o
 .group         0x00000000        0xc ./source/hal/shift.o
 .group         0x00000000        0xc ./source/hal/shift.o
 .group         0x00000000        0xc ./source/hal/shift.o
 .group         0x00000000        0xc ./source/hal/shift.o
 .text          0x00000000        0x0 ./source/hal/shift.o
 .data          0x00000000        0x0 ./source/hal/shift.o
 .bss           0x00000000        0x0 ./source/hal/shift.o
 .bss.shiftRegister
                0x00000000        0x2 ./source/hal/shift.o
 .text.shiftRead
                0x00000000       0x18 ./source/hal/shift.o
 .text.shiftWriteWord
                0x00000000       0x20 ./source/hal/shift.o
 .text.shiftWriteBit
                0x00000000       0x5c ./source/hal/shift.o
 .text.shiftOutUpdate
                0x00000000       0x60 ./source/hal/shift.o
 .text.shiftInit
                0x00000000       0x44 ./source/hal/shift.o
 .debug_info    0x00000000      0x1d2 ./source/hal/shift.o
 .debug_abbrev  0x00000000      0x133 ./source/hal/shift.o
 .debug_aranges
                0x00000000       0x40 ./source/hal/shift.o
 .debug_ranges  0x00000000       0x30 ./source/hal/shift.o
 .debug_macro   0x00000000       0x59 ./source/hal/shift.o
 .debug_macro   0x00000000      0xad8 ./source/hal/shift.o
 .debug_macro   0x00000000      0x34e ./source/hal/shift.o
 .debug_macro   0x00000000       0x22 ./source/hal/shift.o
 .debug_macro   0x00000000       0x40 ./source/hal/shift.o
 .debug_macro   0x00000000       0x76 ./source/hal/shift.o
 .debug_line    0x00000000      0x1d6 ./source/hal/shift.o
 .debug_str     0x00000000     0x3d11 ./source/hal/shift.o
 .comment       0x00000000       0x46 ./source/hal/shift.o
 .debug_frame   0x00000000       0xc0 ./source/hal/shift.o
 .ARM.attributes
                0x00000000       0x34 ./source/hal/shift.o
 .group         0x00000000        0xc ./source/hal/system.o
 .group         0x00000000        0xc ./source/hal/system.o
 .group         0x00000000        0xc ./source/hal/system.o
 .group         0x00000000        0xc ./source/hal/system.o
 .text          0x00000000        0x0 ./source/hal/system.o
 .data          0x00000000        0x0 ./source/hal/system.o
 .bss           0x00000000        0x0 ./source/hal/system.o
 .text.initSystem
                0x00000000       0x18 ./source/hal/system.o
 .debug_info    0x00000000       0xbf ./source/hal/system.o
 .debug_abbrev  0x00000000       0x87 ./source/hal/system.o
 .debug_aranges
                0x00000000       0x20 ./source/hal/system.o
 .debug_ranges  0x00000000       0x10 ./source/hal/system.o
 .debug_macro   0x00000000       0x40 ./source/hal/system.o
 .debug_macro   0x00000000      0xad8 ./source/hal/system.o
 .debug_macro   0x00000000       0x22 ./source/hal/system.o
 .debug_macro   0x00000000      0x34e ./source/hal/system.o
 .debug_macro   0x00000000       0x16 ./source/hal/system.o
 .debug_line    0x00000000      0x11b ./source/hal/system.o
 .debug_str     0x00000000     0x3a20 ./source/hal/system.o
 .comment       0x00000000       0x46 ./source/hal/system.o
 .debug_frame   0x00000000       0x34 ./source/hal/system.o
 .ARM.attributes
                0x00000000       0x34 ./source/hal/system.o
 .group         0x00000000        0xc ./source/hal/timers.o
 .group         0x00000000        0xc ./source/hal/timers.o
 .group         0x00000000        0xc ./source/hal/timers.o
 .group         0x00000000        0xc ./source/hal/timers.o
 .text          0x00000000        0x0 ./source/hal/timers.o
 .data          0x00000000        0x0 ./source/hal/timers.o
 .bss           0x00000000        0x0 ./source/hal/timers.o
 .bss.ticks     0x00000000        0x8 ./source/hal/timers.o
 .text.initTimers
                0x00000000       0x14 ./source/hal/timers.o
 .text.timerCreate
                0x00000000       0x30 ./source/hal/timers.o
 .text.timerStart
                0x00000000       0x2c ./source/hal/timers.o
 .text.timerFinished
                0x00000000       0x44 ./source/hal/timers.o
 .text.updateTick
                0x00000000       0x24 ./source/hal/timers.o
 .debug_info    0x00000000      0x1b4 ./source/hal/timers.o
 .debug_abbrev  0x00000000      0x118 ./source/hal/timers.o
 .debug_aranges
                0x00000000       0x40 ./source/hal/timers.o
 .debug_ranges  0x00000000       0x30 ./source/hal/timers.o
 .debug_macro   0x00000000       0x40 ./source/hal/timers.o
 .debug_macro   0x00000000      0xad8 ./source/hal/timers.o
 .debug_macro   0x00000000       0x22 ./source/hal/timers.o
 .debug_macro   0x00000000      0x34e ./source/hal/timers.o
 .debug_macro   0x00000000       0x16 ./source/hal/timers.o
 .debug_line    0x00000000      0x186 ./source/hal/timers.o
 .debug_str     0x00000000     0x3a9c ./source/hal/timers.o
 .comment       0x00000000       0x46 ./source/hal/timers.o
 .debug_frame   0x00000000       0xd0 ./source/hal/timers.o
 .ARM.attributes
                0x00000000       0x34 ./source/hal/timers.o
 .group         0x00000000        0xc ./source/hal/uart.o
 .group         0x00000000        0xc ./source/hal/uart.o
 .group         0x00000000        0xc ./source/hal/uart.o
 .group         0x00000000        0xc ./source/hal/uart.o
 .group         0x00000000        0xc ./source/hal/uart.o
 .group         0x00000000        0xc ./source/hal/uart.o
 .group         0x00000000        0xc ./source/hal/uart.o
 .group         0x00000000        0xc ./source/hal/uart.o
 .group         0x00000000        0xc ./source/hal/uart.o
 .group         0x00000000        0xc ./source/hal/uart.o
 .group         0x00000000        0xc ./source/hal/uart.o
 .group         0x00000000        0xc ./source/hal/uart.o
 .group         0x00000000        0xc ./source/hal/uart.o
 .text          0x00000000        0x0 ./source/hal/uart.o
 .data          0x00000000        0x0 ./source/hal/uart.o
 .bss           0x00000000        0x0 ./source/hal/uart.o
 .debug_macro   0x00000000      0xad8 ./source/hal/uart.o
 .debug_macro   0x00000000      0x34e ./source/hal/uart.o
 .debug_macro   0x00000000       0x22 ./source/hal/uart.o
 .debug_macro   0x00000000       0x10 ./source/hal/uart.o
 .debug_macro   0x00000000       0x5c ./source/hal/uart.o
 .debug_macro   0x00000000       0x1c ./source/hal/uart.o
 .debug_macro   0x00000000       0x22 ./source/hal/uart.o
 .debug_macro   0x00000000       0xd9 ./source/hal/uart.o
 .debug_macro   0x00000000      0xecf ./source/hal/uart.o
 .debug_macro   0x00000000       0x48 ./source/hal/uart.o
 .debug_macro   0x00000000     0xe07b ./source/hal/uart.o
 .debug_macro   0x00000000     0x122b ./source/hal/uart.o
 .debug_macro   0x00000000       0x16 ./source/hal/uart.o
 .group         0x00000000        0xc ./source/hal/wheel.o
 .group         0x00000000        0xc ./source/hal/wheel.o
 .group         0x00000000        0xc ./source/hal/wheel.o
 .group         0x00000000        0xc ./source/hal/wheel.o
 .group         0x00000000        0xc ./source/hal/wheel.o
 .group         0x00000000        0xc ./source/hal/wheel.o
 .text          0x00000000        0x0 ./source/hal/wheel.o
 .data          0x00000000        0x0 ./source/hal/wheel.o
 .bss           0x00000000        0x0 ./source/hal/wheel.o
 .bss.wheelInputFlag
                0x00000000        0x1 ./source/hal/wheel.o
 .bss.encoderData
                0x00000000       0x64 ./source/hal/wheel.o
 .bss.idx       0x00000000        0x4 ./source/hal/wheel.o
 .bss.timeCounter
                0x00000000        0x4 ./source/hal/wheel.o
 .text.wheelInit
                0x00000000       0x70 ./source/hal/wheel.o
 .text.wheelReadGPIO
                0x00000000       0xa4 ./source/hal/wheel.o
 .text.readWheel
                0x00000000      0x1d0 ./source/hal/wheel.o
 .bss.clickState.4
                0x00000000        0x4 ./source/hal/wheel.o
 .bss.prev.3    0x00000000        0x1 ./source/hal/wheel.o
 .rodata.table.2
                0x00000000       0x10 ./source/hal/wheel.o
 .bss.acc.1     0x00000000        0x1 ./source/hal/wheel.o
 .bss.pressState.0
                0x00000000        0x4 ./source/hal/wheel.o
 .debug_info    0x00000000      0x361 ./source/hal/wheel.o
 .debug_abbrev  0x00000000      0x1a3 ./source/hal/wheel.o
 .debug_aranges
                0x00000000       0x30 ./source/hal/wheel.o
 .debug_ranges  0x00000000       0x20 ./source/hal/wheel.o
 .debug_macro   0x00000000       0x90 ./source/hal/wheel.o
 .debug_macro   0x00000000      0xad8 ./source/hal/wheel.o
 .debug_macro   0x00000000      0x34e ./source/hal/wheel.o
 .debug_macro   0x00000000       0x22 ./source/hal/wheel.o
 .debug_macro   0x00000000       0x3a ./source/hal/wheel.o
 .debug_macro   0x00000000       0x76 ./source/hal/wheel.o
 .debug_macro   0x00000000       0x16 ./source/hal/wheel.o
 .debug_line    0x00000000      0x30a ./source/hal/wheel.o
 .debug_str     0x00000000     0x3e79 ./source/hal/wheel.o
 .comment       0x00000000       0x46 ./source/hal/wheel.o
 .debug_frame   0x00000000       0x74 ./source/hal/wheel.o
 .ARM.attributes
                0x00000000       0x34 ./source/hal/wheel.o
 .group         0x00000000        0xc ./source/app/App.o
 .group         0x00000000        0xc ./source/app/App.o
 .group         0x00000000        0xc ./source/app/App.o
 .group         0x00000000        0xc ./source/app/App.o
 .group         0x00000000        0xc ./source/app/App.o
 .group         0x00000000        0xc ./source/app/App.o
 .group         0x00000000        0xc ./source/app/App.o
 .group         0x00000000        0xc ./source/app/App.o
 .group         0x00000000        0xc ./source/app/App.o
 .group         0x00000000        0xc ./source/app/App.o
 .group         0x00000000        0xc ./source/app/App.o
 .text          0x00000000        0x0 ./source/app/App.o
 .data          0x00000000        0x0 ./source/app/App.o
 .bss           0x00000000        0x0 ./source/app/App.o
 .text.resetState
                0x00000000       0x4c ./source/app/App.o
 .debug_macro   0x00000000      0xad8 ./source/app/App.o
 .debug_macro   0x00000000       0x22 ./source/app/App.o
 .debug_macro   0x00000000      0x34e ./source/app/App.o
 .debug_macro   0x00000000       0x40 ./source/app/App.o
 .debug_macro   0x00000000       0x70 ./source/app/App.o
 .group         0x00000000        0xc ./source/app/display_intensity.o
 .group         0x00000000        0xc ./source/app/display_intensity.o
 .group         0x00000000        0xc ./source/app/display_intensity.o
 .group         0x00000000        0xc ./source/app/display_intensity.o
 .text          0x00000000        0x0 ./source/app/display_intensity.o
 .data          0x00000000        0x0 ./source/app/display_intensity.o
 .bss           0x00000000        0x0 ./source/app/display_intensity.o
 .text.handleDisplayIntensity
                0x00000000       0x54 ./source/app/display_intensity.o
 .debug_info    0x00000000      0x133 ./source/app/display_intensity.o
 .debug_abbrev  0x00000000       0xbb ./source/app/display_intensity.o
 .debug_aranges
                0x00000000       0x20 ./source/app/display_intensity.o
 .debug_ranges  0x00000000       0x10 ./source/app/display_intensity.o
 .debug_macro   0x00000000       0x4a ./source/app/display_intensity.o
 .debug_macro   0x00000000      0xad8 ./source/app/display_intensity.o
 .debug_macro   0x00000000       0x22 ./source/app/display_intensity.o
 .debug_macro   0x00000000      0x34e ./source/app/display_intensity.o
 .debug_macro   0x00000000       0x16 ./source/app/display_intensity.o
 .debug_line    0x00000000      0x157 ./source/app/display_intensity.o
 .debug_str     0x00000000     0x3abf ./source/app/display_intensity.o
 .comment       0x00000000       0x46 ./source/app/display_intensity.o
 .debug_frame   0x00000000       0x34 ./source/app/display_intensity.o
 .ARM.attributes
                0x00000000       0x34 ./source/app/display_intensity.o
 .group         0x00000000        0xc ./source/app/id_input.o
 .group         0x00000000        0xc ./source/app/id_input.o
 .group         0x00000000        0xc ./source/app/id_input.o
 .group         0x00000000        0xc ./source/app/id_input.o
 .group         0x00000000        0xc ./source/app/id_input.o
 .group         0x00000000        0xc ./source/app/id_input.o
 .group         0x00000000        0xc ./source/app/id_input.o
 .text          0x00000000        0x0 ./source/app/id_input.o
 .data          0x00000000        0x0 ./source/app/id_input.o
 .bss           0x00000000        0x0 ./source/app/id_input.o
 .data.input    0x00000000        0xd ./source/app/id_input.o
 .bss.state     0x00000000        0x1 ./source/app/id_input.o
 .rodata        0x00000000        0xd ./source/app/id_input.o
 .text.initIdInput
                0x00000000       0x30 ./source/app/id_input.o
 .text.handleIdInput
                0x00000000       0xec ./source/app/id_input.o
 .text.handleIdEdit
                0x00000000       0xbc ./source/app/id_input.o
 .text.handleIdSelectDigit
                0x00000000       0x84 ./source/app/id_input.o
 .text.updateDisplay
                0x00000000       0x58 ./source/app/id_input.o
 .debug_info    0x00000000      0x40d ./source/app/id_input.o
 .debug_abbrev  0x00000000      0x1ee ./source/app/id_input.o
 .debug_aranges
                0x00000000       0x40 ./source/app/id_input.o
 .debug_ranges  0x00000000       0x30 ./source/app/id_input.o
 .debug_macro   0x00000000       0x71 ./source/app/id_input.o
 .debug_macro   0x00000000      0xad8 ./source/app/id_input.o
 .debug_macro   0x00000000       0x22 ./source/app/id_input.o
 .debug_macro   0x00000000      0x34e ./source/app/id_input.o
 .debug_macro   0x00000000       0x10 ./source/app/id_input.o
 .debug_macro   0x00000000       0x10 ./source/app/id_input.o
 .debug_macro   0x00000000       0x10 ./source/app/id_input.o
 .debug_macro   0x00000000       0x10 ./source/app/id_input.o
 .debug_line    0x00000000      0x302 ./source/app/id_input.o
 .debug_str     0x00000000     0x3c0e ./source/app/id_input.o
 .comment       0x00000000       0x46 ./source/app/id_input.o
 .debug_frame   0x00000000       0xcc ./source/app/id_input.o
 .ARM.attributes
                0x00000000       0x34 ./source/app/id_input.o
 .group         0x00000000        0xc ./source/app/pass_input.o
 .group         0x00000000        0xc ./source/app/pass_input.o
 .group         0x00000000        0xc ./source/app/pass_input.o
 .group         0x00000000        0xc ./source/app/pass_input.o
 .group         0x00000000        0xc ./source/app/pass_input.o
 .text          0x00000000        0x0 ./source/app/pass_input.o
 .data          0x00000000        0x0 ./source/app/pass_input.o
 .bss           0x00000000        0x0 ./source/app/pass_input.o
 .data.input    0x00000000       0x10 ./source/app/pass_input.o
 .bss.state     0x00000000        0x1 ./source/app/pass_input.o
 .bss.passChange
                0x00000000        0x1 ./source/app/pass_input.o
 .rodata.initPassInput.str1.4
                0x00000000        0xe ./source/app/pass_input.o
 .text.initPassInput
                0x00000000       0x58 ./source/app/pass_input.o
 .text.handlePassInput
                0x00000000       0xf0 ./source/app/pass_input.o
 .text.handlePassEdit
                0x00000000      0x178 ./source/app/pass_input.o
 .text.handlePassSelectDigit
                0x00000000       0xb8 ./source/app/pass_input.o
 .text.updateDisplay
                0x00000000       0xc4 ./source/app/pass_input.o
 .debug_info    0x00000000      0x413 ./source/app/pass_input.o
 .debug_abbrev  0x00000000      0x1b7 ./source/app/pass_input.o
 .debug_aranges
                0x00000000       0x40 ./source/app/pass_input.o
 .debug_ranges  0x00000000       0x30 ./source/app/pass_input.o
 .debug_macro   0x00000000       0x5f ./source/app/pass_input.o
 .debug_macro   0x00000000      0xad8 ./source/app/pass_input.o
 .debug_macro   0x00000000       0x22 ./source/app/pass_input.o
 .debug_macro   0x00000000      0x34e ./source/app/pass_input.o
 .debug_macro   0x00000000       0x10 ./source/app/pass_input.o
 .debug_macro   0x00000000       0x10 ./source/app/pass_input.o
 .debug_line    0x00000000      0x463 ./source/app/pass_input.o
 .debug_str     0x00000000     0x3c22 ./source/app/pass_input.o
 .comment       0x00000000       0x46 ./source/app/pass_input.o
 .debug_frame   0x00000000       0xcc ./source/app/pass_input.o
 .ARM.attributes
                0x00000000       0x34 ./source/app/pass_input.o
 .group         0x00000000        0xc ./source/app/user.o
 .group         0x00000000        0xc ./source/app/user.o
 .group         0x00000000        0xc ./source/app/user.o
 .text          0x00000000        0x0 ./source/app/user.o
 .data          0x00000000        0x0 ./source/app/user.o
 .bss           0x00000000        0x0 ./source/app/user.o
 .data.userDataset
                0x00000000       0x3c ./source/app/user.o
 .text.changePass
                0x00000000       0x52 ./source/app/user.o
 .text.searchId
                0x00000000       0x80 ./source/app/user.o
 .text.checkPass
                0x00000000       0x84 ./source/app/user.o
 .debug_info    0x00000000      0x296 ./source/app/user.o
 .debug_abbrev  0x00000000      0x138 ./source/app/user.o
 .debug_aranges
                0x00000000       0x30 ./source/app/user.o
 .debug_ranges  0x00000000       0x20 ./source/app/user.o
 .debug_macro   0x00000000       0x3d ./source/app/user.o
 .debug_macro   0x00000000      0xad8 ./source/app/user.o
 .debug_macro   0x00000000       0x22 ./source/app/user.o
 .debug_macro   0x00000000      0x34e ./source/app/user.o
 .debug_line    0x00000000      0x1e9 ./source/app/user.o
 .debug_str     0x00000000     0x3a5d ./source/app/user.o
 .comment       0x00000000       0x46 ./source/app/user.o
 .debug_frame   0x00000000       0x88 ./source/app/user.o
 .ARM.attributes
                0x00000000       0x34 ./source/app/user.o
 .group         0x00000000        0xc ./source/app/utils.o
 .group         0x00000000        0xc ./source/app/utils.o
 .text          0x00000000        0x0 ./source/app/utils.o
 .data          0x00000000        0x0 ./source/app/utils.o
 .bss           0x00000000        0x0 ./source/app/utils.o
 .text.clampInc
                0x00000000       0x2e ./source/app/utils.o
 .text.clampDec
                0x00000000       0x2e ./source/app/utils.o
 .text.min      0x00000000       0x28 ./source/app/utils.o
 .text.max      0x00000000       0x28 ./source/app/utils.o
 .debug_info    0x00000000      0x154 ./source/app/utils.o
 .debug_abbrev  0x00000000       0xb6 ./source/app/utils.o
 .debug_aranges
                0x00000000       0x38 ./source/app/utils.o
 .debug_ranges  0x00000000       0x28 ./source/app/utils.o
 .debug_macro   0x00000000       0x34 ./source/app/utils.o
 .debug_macro   0x00000000      0xad8 ./source/app/utils.o
 .debug_macro   0x00000000      0x34e ./source/app/utils.o
 .debug_line    0x00000000      0x14b ./source/app/utils.o
 .debug_str     0x00000000     0x39b6 ./source/app/utils.o
 .comment       0x00000000       0x46 ./source/app/utils.o
 .debug_frame   0x00000000       0xb0 ./source/app/utils.o
 .ARM.attributes
                0x00000000       0x34 ./source/app/utils.o
 .group         0x00000000        0xc ./SDK/startup/hardware.o
 .group         0x00000000        0xc ./SDK/startup/hardware.o
 .group         0x00000000        0xc ./SDK/startup/hardware.o
 .group         0x00000000        0xc ./SDK/startup/hardware.o
 .group         0x00000000        0xc ./SDK/startup/hardware.o
 .group         0x00000000        0xc ./SDK/startup/hardware.o
 .group         0x00000000        0xc ./SDK/startup/hardware.o
 .group         0x00000000        0xc ./SDK/startup/hardware.o
 .group         0x00000000        0xc ./SDK/startup/hardware.o
 .group         0x00000000        0xc ./SDK/startup/hardware.o
 .group         0x00000000        0xc ./SDK/startup/hardware.o
 .group         0x00000000        0xc ./SDK/startup/hardware.o
 .group         0x00000000        0xc ./SDK/startup/hardware.o
 .text          0x00000000        0x0 ./SDK/startup/hardware.o
 .data          0x00000000        0x0 ./SDK/startup/hardware.o
 .bss           0x00000000        0x0 ./SDK/startup/hardware.o
 .debug_macro   0x00000000      0xad8 ./SDK/startup/hardware.o
 .debug_macro   0x00000000      0x34e ./SDK/startup/hardware.o
 .debug_macro   0x00000000       0x22 ./SDK/startup/hardware.o
 .debug_macro   0x00000000       0x10 ./SDK/startup/hardware.o
 .debug_macro   0x00000000       0x5c ./SDK/startup/hardware.o
 .debug_macro   0x00000000       0x1c ./SDK/startup/hardware.o
 .debug_macro   0x00000000       0x22 ./SDK/startup/hardware.o
 .debug_macro   0x00000000       0xd9 ./SDK/startup/hardware.o
 .debug_macro   0x00000000      0xecf ./SDK/startup/hardware.o
 .debug_macro   0x00000000       0x48 ./SDK/startup/hardware.o
 .debug_macro   0x00000000     0xe07b ./SDK/startup/hardware.o
 .debug_macro   0x00000000     0x122b ./SDK/startup/hardware.o
 .debug_macro   0x00000000       0x16 ./SDK/startup/hardware.o
 .group         0x00000000        0xc ./SDK/startup/main.o
 .group         0x00000000        0xc ./SDK/startup/main.o
 .group         0x00000000        0xc ./SDK/startup/main.o
 .group         0x00000000        0xc ./SDK/startup/main.o
 .group         0x00000000        0xc ./SDK/startup/main.o
 .group         0x00000000        0xc ./SDK/startup/main.o
 .group         0x00000000        0xc ./SDK/startup/main.o
 .group         0x00000000        0xc ./SDK/startup/main.o
 .group         0x00000000        0xc ./SDK/startup/main.o
 .group         0x00000000        0xc ./SDK/startup/main.o
 .group         0x00000000        0xc ./SDK/startup/main.o
 .group         0x00000000        0xc ./SDK/startup/main.o
 .group         0x00000000        0xc ./SDK/startup/main.o
 .text          0x00000000        0x0 ./SDK/startup/main.o
 .data          0x00000000        0x0 ./SDK/startup/main.o
 .bss           0x00000000        0x0 ./SDK/startup/main.o
 .debug_macro   0x00000000      0xad8 ./SDK/startup/main.o
 .debug_macro   0x00000000      0x34e ./SDK/startup/main.o
 .debug_macro   0x00000000       0x22 ./SDK/startup/main.o
 .debug_macro   0x00000000       0x10 ./SDK/startup/main.o
 .debug_macro   0x00000000       0x5c ./SDK/startup/main.o
 .debug_macro   0x00000000       0x1c ./SDK/startup/main.o
 .debug_macro   0x00000000       0x22 ./SDK/startup/main.o
 .debug_macro   0x00000000       0xd9 ./SDK/startup/main.o
 .debug_macro   0x00000000      0xecf ./SDK/startup/main.o
 .debug_macro   0x00000000       0x48 ./SDK/startup/main.o
 .debug_macro   0x00000000     0xe07b ./SDK/startup/main.o
 .debug_macro   0x00000000     0x122b ./SDK/startup/main.o
 .debug_macro   0x00000000       0x16 ./SDK/startup/main.o
 .group         0x00000000        0xc ./SDK/startup/semihost_hardfault.o
 .text          0x00000000        0x0 ./SDK/startup/semihost_hardfault.o
 .data          0x00000000        0x0 ./SDK/startup/semihost_hardfault.o
 .bss           0x00000000        0x0 ./SDK/startup/semihost_hardfault.o
 .debug_macro   0x00000000      0xad8 ./SDK/startup/semihost_hardfault.o
 .group         0x00000000        0xc ./SDK/startup/startup_mk64f12.o
 .text          0x00000000        0x0 ./SDK/startup/startup_mk64f12.o
 .data          0x00000000        0x0 ./SDK/startup/startup_mk64f12.o
 .bss           0x00000000        0x0 ./SDK/startup/startup_mk64f12.o
 .text.PORTC_IRQHandler
                0x00000000        0x8 ./SDK/startup/startup_mk64f12.o
 .debug_macro   0x00000000      0xad8 ./SDK/startup/startup_mk64f12.o
 .group         0x00000000        0xc ./SDK/CMSIS/system_MK64F12.o
 .group         0x00000000        0xc ./SDK/CMSIS/system_MK64F12.o
 .group         0x00000000        0xc ./SDK/CMSIS/system_MK64F12.o
 .group         0x00000000        0xc ./SDK/CMSIS/system_MK64F12.o
 .group         0x00000000        0xc ./SDK/CMSIS/system_MK64F12.o
 .group         0x00000000        0xc ./SDK/CMSIS/system_MK64F12.o
 .group         0x00000000        0xc ./SDK/CMSIS/system_MK64F12.o
 .group         0x00000000        0xc ./SDK/CMSIS/system_MK64F12.o
 .group         0x00000000        0xc ./SDK/CMSIS/system_MK64F12.o
 .group         0x00000000        0xc ./SDK/CMSIS/system_MK64F12.o
 .group         0x00000000        0xc ./SDK/CMSIS/system_MK64F12.o
 .text          0x00000000        0x0 ./SDK/CMSIS/system_MK64F12.o
 .data          0x00000000        0x0 ./SDK/CMSIS/system_MK64F12.o
 .bss           0x00000000        0x0 ./SDK/CMSIS/system_MK64F12.o
 .data.SystemCoreClock
                0x00000000        0x4 ./SDK/CMSIS/system_MK64F12.o
 .text.SystemCoreClockUpdate
                0x00000000      0x28c ./SDK/CMSIS/system_MK64F12.o
 .debug_macro   0x00000000      0xad8 ./SDK/CMSIS/system_MK64F12.o
 .debug_macro   0x00000000      0x34e ./SDK/CMSIS/system_MK64F12.o
 .debug_macro   0x00000000       0x10 ./SDK/CMSIS/system_MK64F12.o
 .debug_macro   0x00000000       0x5c ./SDK/CMSIS/system_MK64F12.o
 .debug_macro   0x00000000       0x1c ./SDK/CMSIS/system_MK64F12.o
 .debug_macro   0x00000000       0x22 ./SDK/CMSIS/system_MK64F12.o
 .debug_macro   0x00000000       0xd9 ./SDK/CMSIS/system_MK64F12.o
 .debug_macro   0x00000000      0xecf ./SDK/CMSIS/system_MK64F12.o
 .debug_macro   0x00000000       0x48 ./SDK/CMSIS/system_MK64F12.o
 .debug_macro   0x00000000     0xe07b ./SDK/CMSIS/system_MK64F12.o
 .debug_macro   0x00000000     0x122b ./SDK/CMSIS/system_MK64F12.o

Memory Configuration

Name             Origin             Length             Attributes
PROGRAM_FLASH    0x00000000         0x00100000         xr
SRAM_UPPER       0x20000000         0x00030000         xrw
SRAM_LOWER       0x1fff0000         0x00010000         xrw
FLEX_RAM         0x14000000         0x00001000         xrw
*default*        0x00000000         0xffffffff

Linker script and memory map

LOAD ./source/mcal/SysTick.o
LOAD ./source/mcal/gpio.o
LOAD ./source/hal/IRQN_Ports.o
LOAD ./source/hal/card.o
LOAD ./source/hal/display.o
LOAD ./source/hal/leds.o
LOAD ./source/hal/shift.o
LOAD ./source/hal/system.o
LOAD ./source/hal/timers.o
LOAD ./source/hal/uart.o
LOAD ./source/hal/wheel.o
LOAD ./source/app/App.o
LOAD ./source/app/display_intensity.o
LOAD ./source/app/id_input.o
LOAD ./source/app/pass_input.o
LOAD ./source/app/user.o
LOAD ./source/app/utils.o
LOAD ./SDK/startup/hardware.o
LOAD ./SDK/startup/main.o
LOAD ./SDK/startup/semihost_hardfault.o
LOAD ./SDK/startup/startup_mk64f12.o
LOAD ./SDK/CMSIS/system_MK64F12.o
START GROUP
LOAD /opt/mcuxpresso-ide/ide/plugins/com.nxp.mcuxpresso.tools.linux_25.6.0.202501151204/tools/bin/../lib/gcc/arm-none-eabi/14.2.1/../../../../arm-none-eabi/lib/thumb/v7e-m+fp/hard/libcr_c.a
LOAD /opt/mcuxpresso-ide/ide/plugins/com.nxp.mcuxpresso.tools.linux_25.6.0.202501151204/tools/bin/../lib/gcc/arm-none-eabi/14.2.1/thumb/v7e-m+fp/hard/libcr_eabihelpers.a
LOAD /opt/mcuxpresso-ide/ide/plugins/com.nxp.mcuxpresso.tools.linux_25.6.0.202501151204/tools/bin/../lib/gcc/arm-none-eabi/14.2.1/thumb/v7e-m+fp/hard/libgcc.a
END GROUP
                0x00000000                        __base_PROGRAM_FLASH = 0x0
                0x00000000                        __base_Flash = 0x0
                0x00100000                        __top_PROGRAM_FLASH = 0x100000
                0x00100000                        __top_Flash = 0x100000
                0x20000000                        __base_SRAM_UPPER = 0x20000000
                0x20000000                        __base_RAM = 0x20000000
                0x20030000                        __top_SRAM_UPPER = 0x20030000
                0x20030000                        __top_RAM = 0x20030000
                0x1fff0000                        __base_SRAM_LOWER = 0x1fff0000
                0x1fff0000                        __base_RAM2 = 0x1fff0000
                0x20000000                        __top_SRAM_LOWER = 0x20000000
                0x20000000                        __top_RAM2 = 0x20000000
                0x14000000                        __base_FLEX_RAM = 0x14000000
                0x14000000                        __base_RAM3 = 0x14000000
                0x14001000                        __top_FLEX_RAM = 0x14001000
                0x14001000                        __top_RAM3 = 0x14001000

.text           0x00000000      0xde0
 FILL mask 0xff
                0x00000000                        __vectors_start__ = ABSOLUTE (.)
 *(SORT_BY_ALIGNMENT(.isr_vector))
 .isr_vector    0x00000000      0x198 ./SDK/startup/startup_mk64f12.o
                0x00000000                __Vectors
                0x00000000                g_pfnVectors
                0x00000198                        . = ALIGN (0x4)
                0x00000198                        __section_table_start = .
                0x00000198                        __data_section_table = .
                0x00000198        0x4 LONG 0xde0 LOADADDR (.data)
                0x0000019c        0x4 LONG 0x20000000 ADDR (.data)
                0x000001a0        0x4 LONG 0x0 SIZEOF (.data)
                0x000001a4        0x4 LONG 0xde0 LOADADDR (.data_RAM2)
                0x000001a8        0x4 LONG 0x1fff0000 ADDR (.data_RAM2)
                0x000001ac        0x4 LONG 0x0 SIZEOF (.data_RAM2)
                0x000001b0        0x4 LONG 0xde0 LOADADDR (.data_RAM3)
                0x000001b4        0x4 LONG 0x14000000 ADDR (.data_RAM3)
                0x000001b8        0x4 LONG 0x0 SIZEOF (.data_RAM3)
                0x000001bc                        __data_section_table_end = .
                0x000001bc                        __bss_section_table = .
                0x000001bc        0x4 LONG 0x20000000 ADDR (.bss)
                0x000001c0        0x4 LONG 0xf0 SIZEOF (.bss)
                0x000001c4        0x4 LONG 0x1fff0000 ADDR (.bss_RAM2)
                0x000001c8        0x4 LONG 0x0 SIZEOF (.bss_RAM2)
                0x000001cc        0x4 LONG 0x14000000 ADDR (.bss_RAM3)
                0x000001d0        0x4 LONG 0x0 SIZEOF (.bss_RAM3)
                0x000001d4                        __bss_section_table_end = .
                0x000001d4                        __section_table_end = .
 *(SORT_BY_ALIGNMENT(.after_vectors*))
 .after_vectors.reset
                0x000001d4       0x4c ./SDK/startup/startup_mk64f12.o
                0x000001d4                ResetISR
 .after_vectors.init_data
                0x00000220       0x1e ./SDK/startup/startup_mk64f12.o
                0x00000220                data_init
 .after_vectors.init_bss
                0x0000023e       0x12 ./SDK/startup/startup_mk64f12.o
                0x0000023e                bss_init
 .after_vectors
                0x00000250       0x14 ./SDK/startup/startup_mk64f12.o
                0x00000250                NMI_Handler
                0x00000254                MemManage_Handler
                0x00000256                BusFault_Handler
                0x00000258                UsageFault_Handler
                0x0000025a                SVC_Handler
                0x0000025c                DebugMon_Handler
                0x0000025e                PendSV_Handler
                0x00000262                DMA0_DriverIRQHandler
                0x00000262                PORTB_DriverIRQHandler
                0x00000262                DMA12_DriverIRQHandler
                0x00000262                SPI1_DriverIRQHandler
                0x00000262                LPTMR0_DriverIRQHandler
                0x00000262                DMA_Error_DriverIRQHandler
                0x00000262                FTM1_DriverIRQHandler
                0x00000262                FTM2_DriverIRQHandler
                0x00000262                PIT2_DriverIRQHandler
                0x00000262                SDHC_DriverIRQHandler
                0x00000262                I2S0_Tx_DriverIRQHandler
                0x00000262                RTC_Seconds_DriverIRQHandler
                0x00000262                DMA6_DriverIRQHandler
                0x00000262                LLWU_DriverIRQHandler
                0x00000262                MCM_DriverIRQHandler
                0x00000262                MCG_DriverIRQHandler
                0x00000262                ENET_1588_Timer_DriverIRQHandler
                0x00000262                I2C2_DriverIRQHandler
                0x00000262                DAC1_DriverIRQHandler
                0x00000262                CMP1_DriverIRQHandler
                0x00000262                UART5_RX_TX_DriverIRQHandler
                0x00000262                FTM0_DriverIRQHandler
                0x00000262                IntDefaultHandler
                0x00000262                USB0_DriverIRQHandler
                0x00000262                UART5_ERR_DriverIRQHandler
                0x00000262                PORTC_DriverIRQHandler
                0x00000262                DMA11_DriverIRQHandler
                0x00000262                DAC0_DriverIRQHandler
                0x00000262                DMA10_DriverIRQHandler
                0x00000262                CMP2_DriverIRQHandler
                0x00000262                UART2_ERR_DriverIRQHandler
                0x00000262                SPI2_DriverIRQHandler
                0x00000262                LVD_LVW_DriverIRQHandler
                0x00000262                PIT0_DriverIRQHandler
                0x00000262                RNG_DriverIRQHandler
                0x00000262                DMA5_DriverIRQHandler
                0x00000262                DMA4_DriverIRQHandler
                0x00000262                UART2_RX_TX_DriverIRQHandler
                0x00000262                USBDCD_DriverIRQHandler
                0x00000262                UART3_ERR_DriverIRQHandler
                0x00000262                DMA3_DriverIRQHandler
                0x00000262                DMA8_DriverIRQHandler
                0x00000262                DMA9_DriverIRQHandler
                0x00000262                UART0_ERR_DriverIRQHandler
                0x00000262                CMT_DriverIRQHandler
                0x00000262                Reserved71_DriverIRQHandler
                0x00000262                ADC1_DriverIRQHandler
                0x00000262                PORTA_DriverIRQHandler
                0x00000262                DMA14_DriverIRQHandler
                0x00000262                PIT3_DriverIRQHandler
                0x00000262                PIT1_DriverIRQHandler
                0x00000262                WDOG_EWM_DriverIRQHandler
                0x00000262                PDB0_DriverIRQHandler
                0x00000262                RTC_DriverIRQHandler
                0x00000262                I2S0_Rx_DriverIRQHandler
                0x00000262                Read_Collision_DriverIRQHandler
                0x00000262                SWI_DriverIRQHandler
                0x00000262                UART4_RX_TX_DriverIRQHandler
                0x00000262                UART4_ERR_DriverIRQHandler
                0x00000262                UART0_LON_DriverIRQHandler
                0x00000262                DMA1_DriverIRQHandler
                0x00000262                I2C1_DriverIRQHandler
                0x00000262                UART3_RX_TX_DriverIRQHandler
                0x00000262                ENET_Receive_DriverIRQHandler
                0x00000262                DMA13_DriverIRQHandler
                0x00000262                ENET_Error_DriverIRQHandler
                0x00000262                DMA15_DriverIRQHandler
                0x00000262                UART0_RX_TX_DriverIRQHandler
                0x00000262                SPI0_DriverIRQHandler
                0x00000262                ADC0_DriverIRQHandler
                0x00000262                CMP0_DriverIRQHandler
                0x00000262                CAN0_DriverIRQHandler
                0x00000262                FTM3_DriverIRQHandler
                0x00000262                UART1_ERR_DriverIRQHandler
                0x00000262                DMA2_DriverIRQHandler
                0x00000262                ENET_Transmit_DriverIRQHandler
                0x00000262                PORTD_DriverIRQHandler
                0x00000262                PORTE_DriverIRQHandler
                0x00000262                FTFE_DriverIRQHandler
                0x00000262                I2C0_DriverIRQHandler
                0x00000262                DMA7_DriverIRQHandler
                0x00000262                UART1_RX_TX_DriverIRQHandler
                0x00000400                        . = 0x400
 *fill*         0x00000264      0x19c ff
                0x00000400                        PROVIDE (__FLASH_CONFIG_START__ = .)
 *(SORT_BY_ALIGNMENT(.FlashConfig))
 .FlashConfig   0x00000400       0x10 ./SDK/startup/startup_mk64f12.o
                0x00000400                Flash_Config
                0x00000410                        PROVIDE (__FLASH_CONFIG_END__ = .)
                0x00000001                        ASSERT (! ((__FLASH_CONFIG_START__ == __FLASH_CONFIG_END__)), Linker Flash Config Support Enabled, but no .FlashConfig section provided within application)
 *(SORT_BY_ALIGNMENT(.text*))
 .text.SysTick_Handler
                0x00000410       0x7c ./source/mcal/SysTick.o
                0x00000410                SysTick_Handler
 .text.gpioWrite
                0x0000048c       0x60 ./source/mcal/gpio.o
                0x0000048c                gpioWrite
 .text.PORTC_IRQHandler
                0x000004ec       0x44 ./source/hal/IRQN_Ports.o
                0x000004ec                PORTC_IRQHandler
 .text.__NVIC_EnableIRQ
                0x00000530       0x3c ./source/hal/uart.o
 .text.UART_Init
                0x0000056c      0x114 ./source/hal/uart.o
                0x0000056c                UART_Init
 .text.UART_SetBaudRate
                0x00000680       0xb8 ./source/hal/uart.o
                0x00000680                UART_SetBaudRate
 .text.UART_Send_Data
                0x00000738       0x30 ./source/hal/uart.o
                0x00000738                UART_Send_Data
 .text.UART_Recieve_Data
                0x00000768       0x28 ./source/hal/uart.o
                0x00000768                UART_Recieve_Data
 .text.App_Init
                0x00000790       0x34 ./source/app/App.o
                0x00000790                App_Init
 .text.App_Run  0x000007c4       0x44 ./source/app/App.o
                0x000007c4                App_Run
 .text.hw_Init  0x00000808      0x108 ./SDK/startup/hardware.o
                0x00000808                hw_Init
 .text.hw_EnableInterrupts
                0x00000910       0x30 ./SDK/startup/hardware.o
                0x00000910                hw_EnableInterrupts
 .text.hw_DisableInterrupts
                0x00000940       0x20 ./SDK/startup/hardware.o
                0x00000940                hw_DisableInterrupts
 .text.SystemInit
                0x00000960       0x3c ./SDK/CMSIS/system_MK64F12.o
                0x00000960                SystemInit
 .text.toggleInterruptFlag
                0x0000099c       0x1c ./source/hal/IRQN_Ports.o
                0x0000099c                toggleInterruptFlag
 .text.UART_SendString
                0x000009b8       0x2c ./source/hal/uart.o
                0x000009b8                UART_SendString
 .text.main     0x000009e4       0x1a ./SDK/startup/main.o
                0x000009e4                main
 .text.HardFault_Handler
                0x000009fe       0x2c ./SDK/startup/semihost_hardfault.o
                0x000009fe                HardFault_Handler
 .text.DMA0_IRQHandler
                0x00000a2a        0x8 ./SDK/startup/startup_mk64f12.o
                0x00000a2a                DMA0_IRQHandler
 .text.DMA1_IRQHandler
                0x00000a32        0x8 ./SDK/startup/startup_mk64f12.o
                0x00000a32                DMA1_IRQHandler
 .text.DMA2_IRQHandler
                0x00000a3a        0x8 ./SDK/startup/startup_mk64f12.o
                0x00000a3a                DMA2_IRQHandler
 .text.DMA3_IRQHandler
                0x00000a42        0x8 ./SDK/startup/startup_mk64f12.o
                0x00000a42                DMA3_IRQHandler
 .text.DMA4_IRQHandler
                0x00000a4a        0x8 ./SDK/startup/startup_mk64f12.o
                0x00000a4a                DMA4_IRQHandler
 .text.DMA5_IRQHandler
                0x00000a52        0x8 ./SDK/startup/startup_mk64f12.o
                0x00000a52                DMA5_IRQHandler
 .text.DMA6_IRQHandler
                0x00000a5a        0x8 ./SDK/startup/startup_mk64f12.o
                0x00000a5a                DMA6_IRQHandler
 .text.DMA7_IRQHandler
                0x00000a62        0x8 ./SDK/startup/startup_mk64f12.o
                0x00000a62                DMA7_IRQHandler
 .text.DMA8_IRQHandler
                0x00000a6a        0x8 ./SDK/startup/startup_mk64f12.o
                0x00000a6a                DMA8_IRQHandler
 .text.DMA9_IRQHandler
                0x00000a72        0x8 ./SDK/startup/startup_mk64f12.o
                0x00000a72                DMA9_IRQHandler
 .text.DMA10_IRQHandler
                0x00000a7a        0x8 ./SDK/startup/startup_mk64f12.o
                0x00000a7a                DMA10_IRQHandler
 .text.DMA11_IRQHandler
                0x00000a82        0x8 ./SDK/startup/startup_mk64f12.o
                0x00000a82                DMA11_IRQHandler
 .text.DMA12_IRQHandler
                0x00000a8a        0x8 ./SDK/startup/startup_mk64f12.o
                0x00000a8a                DMA12_IRQHandler
 .text.DMA13_IRQHandler
                0x00000a92        0x8 ./SDK/startup/startup_mk64f12.o
                0x00000a92                DMA13_IRQHandler
 .text.DMA14_IRQHandler
                0x00000a9a        0x8 ./SDK/startup/startup_mk64f12.o
                0x00000a9a                DMA14_IRQHandler
 .text.DMA15_IRQHandler
                0x00000aa2        0x8 ./SDK/startup/startup_mk64f12.o
                0x00000aa2                DMA15_IRQHandler
 .text.DMA_Error_IRQHandler
                0x00000aaa        0x8 ./SDK/startup/startup_mk64f12.o
                0x00000aaa                DMA_Error_IRQHandler
 .text.MCM_IRQHandler
                0x00000ab2        0x8 ./SDK/startup/startup_mk64f12.o
                0x00000ab2                MCM_IRQHandler
 .text.FTFE_IRQHandler
                0x00000aba        0x8 ./SDK/startup/startup_mk64f12.o
                0x00000aba                FTFE_IRQHandler
 .text.Read_Collision_IRQHandler
                0x00000ac2        0x8 ./SDK/startup/startup_mk64f12.o
                0x00000ac2                Read_Collision_IRQHandler
 .text.LVD_LVW_IRQHandler
                0x00000aca        0x8 ./SDK/startup/startup_mk64f12.o
                0x00000aca                LVD_LVW_IRQHandler
 .text.LLWU_IRQHandler
                0x00000ad2        0x8 ./SDK/startup/startup_mk64f12.o
                0x00000ad2                LLWU_IRQHandler
 .text.WDOG_EWM_IRQHandler
                0x00000ada        0x8 ./SDK/startup/startup_mk64f12.o
                0x00000ada                WDOG_EWM_IRQHandler
 .text.RNG_IRQHandler
                0x00000ae2        0x8 ./SDK/startup/startup_mk64f12.o
                0x00000ae2                RNG_IRQHandler
 .text.I2C0_IRQHandler
                0x00000aea        0x8 ./SDK/startup/startup_mk64f12.o
                0x00000aea                I2C0_IRQHandler
 .text.I2C1_IRQHandler
                0x00000af2        0x8 ./SDK/startup/startup_mk64f12.o
                0x00000af2                I2C1_IRQHandler
 .text.SPI0_IRQHandler
                0x00000afa        0x8 ./SDK/startup/startup_mk64f12.o
                0x00000afa                SPI0_IRQHandler
 .text.SPI1_IRQHandler
                0x00000b02        0x8 ./SDK/startup/startup_mk64f12.o
                0x00000b02                SPI1_IRQHandler
 .text.I2S0_Tx_IRQHandler
                0x00000b0a        0x8 ./SDK/startup/startup_mk64f12.o
                0x00000b0a                I2S0_Tx_IRQHandler
 .text.I2S0_Rx_IRQHandler
                0x00000b12        0x8 ./SDK/startup/startup_mk64f12.o
                0x00000b12                I2S0_Rx_IRQHandler
 .text.UART0_LON_IRQHandler
                0x00000b1a        0x8 ./SDK/startup/startup_mk64f12.o
                0x00000b1a                UART0_LON_IRQHandler
 .text.UART0_RX_TX_IRQHandler
                0x00000b22        0x8 ./SDK/startup/startup_mk64f12.o
                0x00000b22                UART0_RX_TX_IRQHandler
 .text.UART0_ERR_IRQHandler
                0x00000b2a        0x8 ./SDK/startup/startup_mk64f12.o
                0x00000b2a                UART0_ERR_IRQHandler
 .text.UART1_RX_TX_IRQHandler
                0x00000b32        0x8 ./SDK/startup/startup_mk64f12.o
                0x00000b32                UART1_RX_TX_IRQHandler
 .text.UART1_ERR_IRQHandler
                0x00000b3a        0x8 ./SDK/startup/startup_mk64f12.o
                0x00000b3a                UART1_ERR_IRQHandler
 .text.UART2_RX_TX_IRQHandler
                0x00000b42        0x8 ./SDK/startup/startup_mk64f12.o
                0x00000b42                UART2_RX_TX_IRQHandler
 .text.UART2_ERR_IRQHandler
                0x00000b4a        0x8 ./SDK/startup/startup_mk64f12.o
                0x00000b4a                UART2_ERR_IRQHandler
 .text.UART3_RX_TX_IRQHandler
                0x00000b52        0x8 ./SDK/startup/startup_mk64f12.o
                0x00000b52                UART3_RX_TX_IRQHandler
 .text.UART3_ERR_IRQHandler
                0x00000b5a        0x8 ./SDK/startup/startup_mk64f12.o
                0x00000b5a                UART3_ERR_IRQHandler
 .text.ADC0_IRQHandler
                0x00000b62        0x8 ./SDK/startup/startup_mk64f12.o
                0x00000b62                ADC0_IRQHandler
 .text.CMP0_IRQHandler
                0x00000b6a        0x8 ./SDK/startup/startup_mk64f12.o
                0x00000b6a                CMP0_IRQHandler
 .text.CMP1_IRQHandler
                0x00000b72        0x8 ./SDK/startup/startup_mk64f12.o
                0x00000b72                CMP1_IRQHandler
 .text.FTM0_IRQHandler
                0x00000b7a        0x8 ./SDK/startup/startup_mk64f12.o
                0x00000b7a                FTM0_IRQHandler
 .text.FTM1_IRQHandler
                0x00000b82        0x8 ./SDK/startup/startup_mk64f12.o
                0x00000b82                FTM1_IRQHandler
 .text.FTM2_IRQHandler
                0x00000b8a        0x8 ./SDK/startup/startup_mk64f12.o
                0x00000b8a                FTM2_IRQHandler
 .text.CMT_IRQHandler
                0x00000b92        0x8 ./SDK/startup/startup_mk64f12.o
                0x00000b92                CMT_IRQHandler
 .text.RTC_IRQHandler
                0x00000b9a        0x8 ./SDK/startup/startup_mk64f12.o
                0x00000b9a                RTC_IRQHandler
 .text.RTC_Seconds_IRQHandler
                0x00000ba2        0x8 ./SDK/startup/startup_mk64f12.o
                0x00000ba2                RTC_Seconds_IRQHandler
 .text.PIT0_IRQHandler
                0x00000baa        0x8 ./SDK/startup/startup_mk64f12.o
                0x00000baa                PIT0_IRQHandler
 .text.PIT1_IRQHandler
                0x00000bb2        0x8 ./SDK/startup/startup_mk64f12.o
                0x00000bb2                PIT1_IRQHandler
 .text.PIT2_IRQHandler
                0x00000bba        0x8 ./SDK/startup/startup_mk64f12.o
                0x00000bba                PIT2_IRQHandler
 .text.PIT3_IRQHandler
                0x00000bc2        0x8 ./SDK/startup/startup_mk64f12.o
                0x00000bc2                PIT3_IRQHandler
 .text.PDB0_IRQHandler
                0x00000bca        0x8 ./SDK/startup/startup_mk64f12.o
                0x00000bca                PDB0_IRQHandler
 .text.USB0_IRQHandler
                0x00000bd2        0x8 ./SDK/startup/startup_mk64f12.o
                0x00000bd2                USB0_IRQHandler
 .text.USBDCD_IRQHandler
                0x00000bda        0x8 ./SDK/startup/startup_mk64f12.o
                0x00000bda                USBDCD_IRQHandler
 .text.Reserved71_IRQHandler
                0x00000be2        0x8 ./SDK/startup/startup_mk64f12.o
                0x00000be2                Reserved71_IRQHandler
 .text.DAC0_IRQHandler
                0x00000bea        0x8 ./SDK/startup/startup_mk64f12.o
                0x00000bea                DAC0_IRQHandler
 .text.MCG_IRQHandler
                0x00000bf2        0x8 ./SDK/startup/startup_mk64f12.o
                0x00000bf2                MCG_IRQHandler
 .text.LPTMR0_IRQHandler
                0x00000bfa        0x8 ./SDK/startup/startup_mk64f12.o
                0x00000bfa                LPTMR0_IRQHandler
 .text.PORTA_IRQHandler
                0x00000c02        0x8 ./SDK/startup/startup_mk64f12.o
                0x00000c02                PORTA_IRQHandler
 .text.PORTB_IRQHandler
                0x00000c0a        0x8 ./SDK/startup/startup_mk64f12.o
                0x00000c0a                PORTB_IRQHandler
 .text.PORTD_IRQHandler
                0x00000c12        0x8 ./SDK/startup/startup_mk64f12.o
                0x00000c12                PORTD_IRQHandler
 .text.PORTE_IRQHandler
                0x00000c1a        0x8 ./SDK/startup/startup_mk64f12.o
                0x00000c1a                PORTE_IRQHandler
 .text.SWI_IRQHandler
                0x00000c22        0x8 ./SDK/startup/startup_mk64f12.o
                0x00000c22                SWI_IRQHandler
 .text.SPI2_IRQHandler
                0x00000c2a        0x8 ./SDK/startup/startup_mk64f12.o
                0x00000c2a                SPI2_IRQHandler
 .text.UART4_RX_TX_IRQHandler
                0x00000c32        0x8 ./SDK/startup/startup_mk64f12.o
                0x00000c32                UART4_RX_TX_IRQHandler
 .text.UART4_ERR_IRQHandler
                0x00000c3a        0x8 ./SDK/startup/startup_mk64f12.o
                0x00000c3a                UART4_ERR_IRQHandler
 .text.UART5_RX_TX_IRQHandler
                0x00000c42        0x8 ./SDK/startup/startup_mk64f12.o
                0x00000c42                UART5_RX_TX_IRQHandler
 .text.UART5_ERR_IRQHandler
                0x00000c4a        0x8 ./SDK/startup/startup_mk64f12.o
                0x00000c4a                UART5_ERR_IRQHandler
 .text.CMP2_IRQHandler
                0x00000c52        0x8 ./SDK/startup/startup_mk64f12.o
                0x00000c52                CMP2_IRQHandler
 .text.FTM3_IRQHandler
                0x00000c5a        0x8 ./SDK/startup/startup_mk64f12.o
                0x00000c5a                FTM3_IRQHandler
 .text.DAC1_IRQHandler
                0x00000c62        0x8 ./SDK/startup/startup_mk64f12.o
                0x00000c62                DAC1_IRQHandler
 .text.ADC1_IRQHandler
                0x00000c6a        0x8 ./SDK/startup/startup_mk64f12.o
                0x00000c6a                ADC1_IRQHandler
 .text.I2C2_IRQHandler
                0x00000c72        0x8 ./SDK/startup/startup_mk64f12.o
                0x00000c72                I2C2_IRQHandler
 .text.CAN0_ORed_Message_buffer_IRQHandler
                0x00000c7a        0x8 ./SDK/startup/startup_mk64f12.o
                0x00000c7a                CAN0_ORed_Message_buffer_IRQHandler
 .text.CAN0_Bus_Off_IRQHandler
                0x00000c82        0x8 ./SDK/startup/startup_mk64f12.o
                0x00000c82                CAN0_Bus_Off_IRQHandler
 .text.CAN0_Error_IRQHandler
                0x00000c8a        0x8 ./SDK/startup/startup_mk64f12.o
                0x00000c8a                CAN0_Error_IRQHandler
 .text.CAN0_Tx_Warning_IRQHandler
                0x00000c92        0x8 ./SDK/startup/startup_mk64f12.o
                0x00000c92                CAN0_Tx_Warning_IRQHandler
 .text.CAN0_Rx_Warning_IRQHandler
                0x00000c9a        0x8 ./SDK/startup/startup_mk64f12.o
                0x00000c9a                CAN0_Rx_Warning_IRQHandler
 .text.CAN0_Wake_Up_IRQHandler
                0x00000ca2        0x8 ./SDK/startup/startup_mk64f12.o
                0x00000ca2                CAN0_Wake_Up_IRQHandler
 .text.SDHC_IRQHandler
                0x00000caa        0x8 ./SDK/startup/startup_mk64f12.o
                0x00000caa                SDHC_IRQHandler
 .text.ENET_1588_Timer_IRQHandler
                0x00000cb2        0x8 ./SDK/startup/startup_mk64f12.o
                0x00000cb2                ENET_1588_Timer_IRQHandler
 .text.ENET_Transmit_IRQHandler
                0x00000cba        0x8 ./SDK/startup/startup_mk64f12.o
                0x00000cba                ENET_Transmit_IRQHandler
 .text.ENET_Receive_IRQHandler
                0x00000cc2        0x8 ./SDK/startup/startup_mk64f12.o
                0x00000cc2                ENET_Receive_IRQHandler
 .text.ENET_Error_IRQHandler
                0x00000cca        0x8 ./SDK/startup/startup_mk64f12.o
                0x00000cca                ENET_Error_IRQHandler
 .text.SystemInitHook
                0x00000cd2        0xe ./SDK/CMSIS/system_MK64F12.o
                0x00000cd2                SystemInitHook
 *(SORT_BY_ALIGNMENT(.rodata) SORT_BY_ALIGNMENT(.rodata.*) SORT_BY_ALIGNMENT(.constdata) SORT_BY_ALIGNMENT(.constdata.*))
 .rodata.pGpios
                0x00000ce0       0x14 ./source/mcal/gpio.o
 .rodata.App_Init.str1.4
                0x00000cf4       0xe7 ./source/app/App.o
                                 0x96 (size before relaxing)
 .rodata.App_Run.str1.4
                0x00000ddb       0x4f ./source/app/App.o
                0x00000e30                        . = ALIGN (0x8)
 *fill*         0x00000ddb        0x5 ff

.glue_7         0x00000de0        0x0
 .glue_7        0x00000de0        0x0 linker stubs

.glue_7t        0x00000de0        0x0
 .glue_7t       0x00000de0        0x0 linker stubs

.vfp11_veneer   0x00000de0        0x0
 .vfp11_veneer  0x00000de0        0x0 linker stubs

.v4_bx          0x00000de0        0x0
 .v4_bx         0x00000de0        0x0 linker stubs

.iplt           0x00000de0        0x0
 .iplt          0x00000de0        0x0 ./source/mcal/SysTick.o

.rel.dyn        0x00000de0        0x0
 .rel.iplt      0x00000de0        0x0 ./source/mcal/SysTick.o

.ARM.extab
 *(SORT_BY_ALIGNMENT(.ARM.extab*) SORT_BY_ALIGNMENT(.gnu.linkonce.armextab.*))

.ARM.exidx      0x00000de0        0x0
                0x00000de0                        __exidx_start = .
 *(SORT_BY_ALIGNMENT(.ARM.exidx*) SORT_BY_ALIGNMENT(.gnu.linkonce.armexidx.*))
                0x00000de0                        __exidx_end = .
                0x00000de0                        _etext = .

.m_usb_data
 *(SORT_BY_ALIGNMENT(m_usb_bdt))

.data_RAM2      0x1fff0000        0x0 load address 0x00000de0
 FILL mask 0xff
                [!provide]                        PROVIDE (__start_data_RAM2 = .)
                [!provide]                        PROVIDE (__start_data_SRAM_LOWER = .)
 *(SORT_BY_ALIGNMENT(.ramfunc.$RAM2))
 *(SORT_BY_ALIGNMENT(.ramfunc.$SRAM_LOWER))
 *(SORT_BY_ALIGNMENT(.data.$RAM2))
 *(SORT_BY_ALIGNMENT(.data.$SRAM_LOWER))
 *(SORT_BY_ALIGNMENT(.data.$RAM2.*))
 *(SORT_BY_ALIGNMENT(.data.$SRAM_LOWER.*))
                0x1fff0000                        . = ALIGN (0x8)
                [!provide]                        PROVIDE (__end_data_RAM2 = .)
                [!provide]                        PROVIDE (__end_data_SRAM_LOWER = .)

.data_RAM3      0x14000000        0x0 load address 0x00000de0
 FILL mask 0xff
                [!provide]                        PROVIDE (__start_data_RAM3 = .)
                [!provide]                        PROVIDE (__start_data_FLEX_RAM = .)
 *(SORT_BY_ALIGNMENT(.ramfunc.$RAM3))
 *(SORT_BY_ALIGNMENT(.ramfunc.$FLEX_RAM))
 *(SORT_BY_ALIGNMENT(.data.$RAM3))
 *(SORT_BY_ALIGNMENT(.data.$FLEX_RAM))
 *(SORT_BY_ALIGNMENT(.data.$RAM3.*))
 *(SORT_BY_ALIGNMENT(.data.$FLEX_RAM.*))
                0x14000000                        . = ALIGN (0x8)
                [!provide]                        PROVIDE (__end_data_RAM3 = .)
                [!provide]                        PROVIDE (__end_data_FLEX_RAM = .)

.uninit_RESERVED
                0x20000000        0x0
                0x20000000                        _start_uninit_RESERVED = .
 *(SORT_BY_ALIGNMENT(.bss.$RESERVED*))
                0x20000000                        . = ALIGN (0x8)
                0x20000000                        _end_uninit_RESERVED = .

.data           0x20000000        0x0 load address 0x00000de0
 FILL mask 0xff
                0x20000000                        _data = .
                [!provide]                        PROVIDE (__start_data_RAM = .)
                [!provide]                        PROVIDE (__start_data_SRAM_UPPER = .)
 *(SORT_BY_ALIGNMENT(vtable))
 *(SORT_BY_ALIGNMENT(.ramfunc*))
 *(SORT_BY_ALIGNMENT(CodeQuickAccess))
 *(SORT_BY_ALIGNMENT(DataQuickAccess))
 *(SORT_BY_ALIGNMENT(RamFunction))
 *(SORT_BY_ALIGNMENT(.data*))
                0x20000000                        . = ALIGN (0x8)
                0x20000000                        _edata = .
                [!provide]                        PROVIDE (__end_data_RAM = .)
                [!provide]                        PROVIDE (__end_data_SRAM_UPPER = .)

.igot.plt       0x20000000        0x0 load address 0x00000de0
 .igot.plt      0x20000000        0x0 ./source/mcal/SysTick.o

.bss_RAM2       0x1fff0000        0x0
                [!provide]                        PROVIDE (__start_bss_RAM2 = .)
                [!provide]                        PROVIDE (__start_bss_SRAM_LOWER = .)
 *(SORT_BY_ALIGNMENT(.bss.$RAM2))
 *(SORT_BY_ALIGNMENT(.bss.$SRAM_LOWER))
 *(SORT_BY_ALIGNMENT(.bss.$RAM2.*))
 *(SORT_BY_ALIGNMENT(.bss.$SRAM_LOWER.*))
                0x1fff0000                        . = ALIGN ((. != 0x0)?0x8:0x1)
                [!provide]                        PROVIDE (__end_bss_RAM2 = .)
                [!provide]                        PROVIDE (__end_bss_SRAM_LOWER = .)

.bss_RAM3       0x14000000        0x0
                [!provide]                        PROVIDE (__start_bss_RAM3 = .)
                [!provide]                        PROVIDE (__start_bss_FLEX_RAM = .)
 *(SORT_BY_ALIGNMENT(.bss.$RAM3))
 *(SORT_BY_ALIGNMENT(.bss.$FLEX_RAM))
 *(SORT_BY_ALIGNMENT(.bss.$RAM3.*))
 *(SORT_BY_ALIGNMENT(.bss.$FLEX_RAM.*))
                0x14000000                        . = ALIGN ((. != 0x0)?0x8:0x1)
                [!provide]                        PROVIDE (__end_bss_RAM3 = .)
                [!provide]                        PROVIDE (__end_bss_FLEX_RAM = .)

.bss            0x20000000       0xf0
                0x20000000                        _bss = .
                [!provide]                        PROVIDE (__start_bss_RAM = .)
                [!provide]                        PROVIDE (__start_bss_SRAM_UPPER = .)
 *(SORT_BY_ALIGNMENT(.bss*))
 .bss.interruptions
                0x20000000       0x40 ./source/mcal/SysTick.o
 .bss.isr_count
                0x20000040        0x4 ./source/mcal/SysTick.o
 .bss.pisr_registered
                0x20000044        0x4 ./source/mcal/SysTick.o
 .bss.pCallBackList
                0x20000048       0xa0 ./source/hal/IRQN_Ports.o
                0x20000048                pCallBackList
 .bss.__LDM_interruptDisableCount
                0x200000e8        0x4 ./SDK/startup/hardware.o
 *(SORT_BY_ALIGNMENT(COMMON))
                0x200000f0                        . = ALIGN (0x8)
 *fill*         0x200000ec        0x4 
                0x200000f0                        _ebss = .
                [!provide]                        PROVIDE (__end_bss_RAM = .)
                [!provide]                        PROVIDE (__end_bss_SRAM_UPPER = .)
                [!provide]                        PROVIDE (end = .)

.noinit_RAM2    0x1fff0000        0x0
                [!provide]                        PROVIDE (__start_noinit_RAM2 = .)
                [!provide]                        PROVIDE (__start_noinit_SRAM_LOWER = .)
 *(SORT_BY_ALIGNMENT(.noinit.$RAM2))
 *(SORT_BY_ALIGNMENT(.noinit.$SRAM_LOWER))
 *(SORT_BY_ALIGNMENT(.noinit.$RAM2.*))
 *(SORT_BY_ALIGNMENT(.noinit.$SRAM_LOWER.*))
                0x1fff0000                        . = ALIGN (0x8)
                [!provide]                        PROVIDE (__end_noinit_RAM2 = .)
                [!provide]                        PROVIDE (__end_noinit_SRAM_LOWER = .)

.noinit_RAM3    0x14000000        0x0
                [!provide]                        PROVIDE (__start_noinit_RAM3 = .)
                [!provide]                        PROVIDE (__start_noinit_FLEX_RAM = .)
 *(SORT_BY_ALIGNMENT(.noinit.$RAM3))
 *(SORT_BY_ALIGNMENT(.noinit.$FLEX_RAM))
 *(SORT_BY_ALIGNMENT(.noinit.$RAM3.*))
 *(SORT_BY_ALIGNMENT(.noinit.$FLEX_RAM.*))
                0x14000000                        . = ALIGN (0x8)
                [!provide]                        PROVIDE (__end_noinit_RAM3 = .)
                [!provide]                        PROVIDE (__end_noinit_FLEX_RAM = .)

.noinit         0x200000f0        0x0
                0x200000f0                        _noinit = .
                [!provide]                        PROVIDE (__start_noinit_RAM = .)
                [!provide]                        PROVIDE (__start_noinit_SRAM_UPPER = .)
 *(SORT_BY_ALIGNMENT(.noinit*))
                0x200000f0                        . = ALIGN (0x8)
                0x200000f0                        _end_noinit = .
                [!provide]                        PROVIDE (__end_noinit_RAM = .)
                [!provide]                        PROVIDE (__end_noinit_SRAM_UPPER = .)
                0x00001000                        _HeapSize = 0x1000

.heap           0x200000f0     0x1000
                0x200000f0                        _pvHeapStart = .
                0x200010f0                        . = (. + _HeapSize)
 *fill*         0x200000f0     0x1000 
                0x200010f0                        . = ALIGN (0x8)
                0x200010f0                        _pvHeapLimit = .
                0x00001000                        _StackSize = 0x1000

.heap2stackfill
                0x200010f0     0x1000
                0x200020f0                        . = (. + _StackSize)
 *fill*         0x200010f0     0x1000 

.stack          0x2002f000        0x0
                0x2002f000                        _vStackBase = .
                0x2002f000                        . = ALIGN (0x8)
                0x20030000                        _vStackTop = (. + _StackSize)
                0x00000000                        _image_start = LOADADDR (.text)
                0x00000de0                        _image_end = (LOADADDR (.data) + SIZEOF (.data))
                0x00000de0                        _image_size = (_image_end - _image_start)
OUTPUT(PCcommunication.axf elf32-littlearm)
LOAD linker stubs

.debug_info     0x00000000     0x395d
 .debug_info    0x00000000      0x220 ./source/mcal/SysTick.o
 .debug_info    0x00000220      0x709 ./source/mcal/gpio.o
 .debug_info    0x00000929      0x7d9 ./source/hal/IRQN_Ports.o
 .debug_info    0x00001102      0xa6a ./source/hal/uart.o
 .debug_info    0x00001b6c      0x30e ./source/app/App.o
 .debug_info    0x00001e7a      0x6b2 ./SDK/startup/hardware.o
 .debug_info    0x0000252c       0xae ./SDK/startup/main.o
 .debug_info    0x000025da       0x3c ./SDK/startup/semihost_hardfault.o
 .debug_info    0x00002616      0xd0c ./SDK/startup/startup_mk64f12.o
 .debug_info    0x00003322      0x63b ./SDK/CMSIS/system_MK64F12.o

.debug_abbrev   0x00000000      0xd32
 .debug_abbrev  0x00000000      0x180 ./source/mcal/SysTick.o
 .debug_abbrev  0x00000180      0x17c ./source/mcal/gpio.o
 .debug_abbrev  0x000002fc      0x21d ./source/hal/IRQN_Ports.o
 .debug_abbrev  0x00000519      0x21e ./source/hal/uart.o
 .debug_abbrev  0x00000737      0x15e ./source/app/App.o
 .debug_abbrev  0x00000895      0x12e ./SDK/startup/hardware.o
 .debug_abbrev  0x000009c3       0x5c ./SDK/startup/main.o
 .debug_abbrev  0x00000a1f       0x31 ./SDK/startup/semihost_hardfault.o
 .debug_abbrev  0x00000a50      0x19a ./SDK/startup/startup_mk64f12.o
 .debug_abbrev  0x00000bea      0x148 ./SDK/CMSIS/system_MK64F12.o

.debug_aranges  0x00000000      0x528
 .debug_aranges
                0x00000000       0x30 ./source/mcal/SysTick.o
 .debug_aranges
                0x00000030       0x60 ./source/mcal/gpio.o
 .debug_aranges
                0x00000090       0x50 ./source/hal/IRQN_Ports.o
 .debug_aranges
                0x000000e0       0x48 ./source/hal/uart.o
 .debug_aranges
                0x00000128       0x30 ./source/app/App.o
 .debug_aranges
                0x00000158       0x30 ./SDK/startup/hardware.o
 .debug_aranges
                0x00000188       0x20 ./SDK/startup/main.o
 .debug_aranges
                0x000001a8       0x20 ./SDK/startup/semihost_hardfault.o
 .debug_aranges
                0x000001c8      0x330 ./SDK/startup/startup_mk64f12.o
 .debug_aranges
                0x000004f8       0x30 ./SDK/CMSIS/system_MK64F12.o

.debug_ranges   0x00000000      0x488
 .debug_ranges  0x00000000       0x20 ./source/mcal/SysTick.o
 .debug_ranges  0x00000020       0x50 ./source/mcal/gpio.o
 .debug_ranges  0x00000070       0x40 ./source/hal/IRQN_Ports.o
 .debug_ranges  0x000000b0       0x38 ./source/hal/uart.o
 .debug_ranges  0x000000e8       0x20 ./source/app/App.o
 .debug_ranges  0x00000108       0x20 ./SDK/startup/hardware.o
 .debug_ranges  0x00000128       0x10 ./SDK/startup/main.o
 .debug_ranges  0x00000138       0x10 ./SDK/startup/semihost_hardfault.o
 .debug_ranges  0x00000148      0x320 ./SDK/startup/startup_mk64f12.o
 .debug_ranges  0x00000468       0x20 ./SDK/CMSIS/system_MK64F12.o

.debug_macro    0x00000000    0x11855
 .debug_macro   0x00000000       0xb5 ./source/mcal/SysTick.o
 .debug_macro   0x000000b5      0xad8 ./source/mcal/SysTick.o
 .debug_macro   0x00000b8d       0x22 ./source/mcal/SysTick.o
 .debug_macro   0x00000baf      0x34e ./source/mcal/SysTick.o
 .debug_macro   0x00000efd       0x10 ./source/mcal/SysTick.o
 .debug_macro   0x00000f0d       0x10 ./source/mcal/SysTick.o
 .debug_macro   0x00000f1d       0x5c ./source/mcal/SysTick.o
 .debug_macro   0x00000f79       0x1c ./source/mcal/SysTick.o
 .debug_macro   0x00000f95       0x22 ./source/mcal/SysTick.o
 .debug_macro   0x00000fb7       0xd9 ./source/mcal/SysTick.o
 .debug_macro   0x00001090      0xecf ./source/mcal/SysTick.o
 .debug_macro   0x00001f5f       0x48 ./source/mcal/SysTick.o
 .debug_macro   0x00001fa7     0xe07b ./source/mcal/SysTick.o
 .debug_macro   0x00010022     0x122b ./source/mcal/SysTick.o
 .debug_macro   0x0001124d       0x16 ./source/mcal/SysTick.o
 .debug_macro   0x00011263       0xab ./source/mcal/gpio.o
 .debug_macro   0x0001130e       0x3a ./source/mcal/gpio.o
 .debug_macro   0x00011348       0xca ./source/hal/IRQN_Ports.o
 .debug_macro   0x00011412       0x76 ./source/hal/IRQN_Ports.o
 .debug_macro   0x00011488       0xb8 ./source/hal/uart.o
 .debug_macro   0x00011540       0xbd ./source/app/App.o
 .debug_macro   0x000115fd       0x16 ./source/app/App.o
 .debug_macro   0x00011613       0x10 ./source/app/App.o
 .debug_macro   0x00011623       0x10 ./source/app/App.o
 .debug_macro   0x00011633       0x10 ./source/app/App.o
 .debug_macro   0x00011643       0x10 ./source/app/App.o
 .debug_macro   0x00011653       0x10 ./source/app/App.o
 .debug_macro   0x00011663       0x9c ./SDK/startup/hardware.o
 .debug_macro   0x000116ff       0x9c ./SDK/startup/main.o
 .debug_macro   0x0001179b       0x11 ./SDK/startup/semihost_hardfault.o
 .debug_macro   0x000117ac       0x29 ./SDK/startup/startup_mk64f12.o
 .debug_macro   0x000117d5       0x80 ./SDK/CMSIS/system_MK64F12.o

.debug_line     0x00000000     0x20af
 .debug_line    0x00000000      0x27b ./source/mcal/SysTick.o
 .debug_line    0x0000027b      0x3cb ./source/mcal/gpio.o
 .debug_line    0x00000646      0x317 ./source/hal/IRQN_Ports.o
 .debug_line    0x0000095d      0x35c ./source/hal/uart.o
 .debug_line    0x00000cb9      0x21c ./source/app/App.o
 .debug_line    0x00000ed5      0x2ab ./SDK/startup/hardware.o
 .debug_line    0x00001180      0x1ab ./SDK/startup/main.o
 .debug_line    0x0000132b       0x5f ./SDK/startup/semihost_hardfault.o
 .debug_line    0x0000138a      0xa0d ./SDK/startup/startup_mk64f12.o
 .debug_line    0x00001d97      0x318 ./SDK/CMSIS/system_MK64F12.o

.debug_str      0x00000000    0x78a9e
 .debug_str     0x00000000    0x78a9e ./source/mcal/SysTick.o
                              0x77245 (size before relaxing)
 .debug_str     0x00078a9e    0x773d6 ./source/mcal/gpio.o
 .debug_str     0x00078a9e    0x77a91 ./source/hal/IRQN_Ports.o
 .debug_str     0x00078a9e    0x779ce ./source/hal/uart.o
 .debug_str     0x00078a9e     0x3fab ./source/app/App.o
 .debug_str     0x00078a9e    0x77359 ./SDK/startup/hardware.o
 .debug_str     0x00078a9e    0x77166 ./SDK/startup/main.o
 .debug_str     0x00078a9e     0x2ecd ./SDK/startup/semihost_hardfault.o
 .debug_str     0x00078a9e     0x3759 ./SDK/startup/startup_mk64f12.o
 .debug_str     0x00078a9e    0x77278 ./SDK/CMSIS/system_MK64F12.o

.comment        0x00000000       0x45
 .comment       0x00000000       0x45 ./source/mcal/SysTick.o
                                 0x46 (size before relaxing)
 .comment       0x00000045       0x46 ./source/mcal/gpio.o
 .comment       0x00000045       0x46 ./source/hal/IRQN_Ports.o
 .comment       0x00000045       0x46 ./source/hal/uart.o
 .comment       0x00000045       0x46 ./source/app/App.o
 .comment       0x00000045       0x46 ./SDK/startup/hardware.o
 .comment       0x00000045       0x46 ./SDK/startup/main.o
 .comment       0x00000045       0x46 ./SDK/startup/semihost_hardfault.o
 .comment       0x00000045       0x46 ./SDK/startup/startup_mk64f12.o
 .comment       0x00000045       0x46 ./SDK/CMSIS/system_MK64F12.o

.ARM.attributes
                0x00000000       0x34
 .ARM.attributes
                0x00000000       0x34 ./source/mcal/SysTick.o
 .ARM.attributes
                0x00000034       0x34 ./source/mcal/gpio.o
 .ARM.attributes
                0x00000068       0x34 ./source/hal/IRQN_Ports.o
 .ARM.attributes
                0x0000009c       0x34 ./source/hal/uart.o
 .ARM.attributes
                0x000000d0       0x34 ./source/app/App.o
 .ARM.attributes
                0x00000104       0x34 ./SDK/startup/hardware.o
 .ARM.attributes
                0x00000138       0x34 ./SDK/startup/main.o
 .ARM.attributes
                0x0000016c       0x34 ./SDK/startup/semihost_hardfault.o
 .ARM.attributes
                0x000001a0       0x34 ./SDK/startup/startup_mk64f12.o
 .ARM.attributes
                0x000001d4       0x34 ./SDK/CMSIS/system_MK64F12.o

.debug_frame    0x00000000      0xeb8
 .debug_frame   0x00000000       0x90 ./source/mcal/SysTick.o
 .debug_frame   0x00000090      0x178 ./source/mcal/gpio.o
 .debug_frame   0x00000208      0x11c ./source/hal/IRQN_Ports.o
 .debug_frame   0x00000324       0xe8 ./source/hal/uart.o
 .debug_frame   0x0000040c       0x78 ./source/app/App.o
 .debug_frame   0x00000484       0x70 ./SDK/startup/hardware.o
 .debug_frame   0x000004f4       0x2c ./SDK/startup/main.o
 .debug_frame   0x00000520       0x20 ./SDK/startup/semihost_hardfault.o
 .debug_frame   0x00000540      0x904 ./SDK/startup/startup_mk64f12.o
 .debug_frame   0x00000e44       0x74 ./SDK/CMSIS/system_MK64F12.o

.debug_loc      0x00000000      0x1f9
 .debug_loc     0x00000000      0x1f9 ./SDK/startup/startup_mk64f12.o
